Archive member included because of file (symbol)

C:/Freescale/KSDK_1.2.0/lib/ksdk_platform_lib/kds/K64F12/debug/libksdk_platform.a(fsl_uart_hal.o)
                              ./SDK/platform/utilities/fsl_debug_console.o (UART_HAL_SetBaudRate)
C:/Freescale/KSDK_1.2.0/lib/ksdk_platform_lib/kds/K64F12/debug/libksdk_platform.a(fsl_sdhc_driver.o)
                              ./SDK/composite/src/sdcard/fsl_sdhc_card.o (SDHC_DRV_ConfigClock)
C:/Freescale/KSDK_1.2.0/lib/ksdk_platform_lib/kds/K64F12/debug/libksdk_platform.a(fsl_i2c_master_driver.o)
                              ./Sources/fsl_fxos8700_driver.o (I2C_DRV_MasterInit)
C:/Freescale/KSDK_1.2.0/lib/ksdk_platform_lib/kds/K64F12/debug/libksdk_platform.a(fsl_i2c_common.o)
                              C:/Freescale/KSDK_1.2.0/lib/ksdk_platform_lib/kds/K64F12/debug/libksdk_platform.a(fsl_i2c_master_driver.o) (g_i2cIrqId)
C:/Freescale/KSDK_1.2.0/lib/ksdk_platform_lib/kds/K64F12/debug/libksdk_platform.a(fsl_i2c_shared_function.o)
                              ./Sources/fsl_i2c_irq.o (I2C_DRV_IRQHandler)
C:/Freescale/KSDK_1.2.0/lib/ksdk_platform_lib/kds/K64F12/debug/libksdk_platform.a(fsl_gpio_driver.o)
                              ./Sources/main.o (GPIO_DRV_InputPinInit)
C:/Freescale/KSDK_1.2.0/lib/ksdk_platform_lib/kds/K64F12/debug/libksdk_platform.a(fsl_clock_MK64F12.o)
                              ./SDK/board/board.o (CLOCK_SYS_SetConfiguration)
C:/Freescale/KSDK_1.2.0/lib/ksdk_platform_lib/kds/K64F12/debug/libksdk_platform.a(fsl_clock_manager.o)
                              C:/Freescale/KSDK_1.2.0/lib/ksdk_platform_lib/kds/K64F12/debug/libksdk_platform.a(fsl_clock_MK64F12.o) (CLOCK_SYS_SetMcgMode)
C:/Freescale/KSDK_1.2.0/lib/ksdk_platform_lib/kds/K64F12/debug/libksdk_platform.a(fsl_clock_manager_common.o)
                              C:/Freescale/KSDK_1.2.0/lib/ksdk_platform_lib/kds/K64F12/debug/libksdk_platform.a(fsl_clock_MK64F12.o) (g_oscBase)
C:/Freescale/KSDK_1.2.0/lib/ksdk_platform_lib/kds/K64F12/debug/libksdk_platform.a(fsl_os_abstraction_bm.o)
                              C:/Freescale/KSDK_1.2.0/lib/ksdk_platform_lib/kds/K64F12/debug/libksdk_platform.a(fsl_sdhc_driver.o) (OSA_SemaCreate)
C:/Freescale/KSDK_1.2.0/lib/ksdk_platform_lib/kds/K64F12/debug/libksdk_platform.a(fsl_sim_hal_MK64F12.o)
                              C:/Freescale/KSDK_1.2.0/lib/ksdk_platform_lib/kds/K64F12/debug/libksdk_platform.a(fsl_clock_MK64F12.o) (CLOCK_HAL_GetUsbfsDiv)
C:/Freescale/KSDK_1.2.0/lib/ksdk_platform_lib/kds/K64F12/debug/libksdk_platform.a(fsl_sdhc_hal.o)
                              C:/Freescale/KSDK_1.2.0/lib/ksdk_platform_lib/kds/K64F12/debug/libksdk_platform.a(fsl_sdhc_driver.o) (SDHC_HAL_SetIntSignal)
C:/Freescale/KSDK_1.2.0/lib/ksdk_platform_lib/kds/K64F12/debug/libksdk_platform.a(fsl_sdhc_common.o)
                              C:/Freescale/KSDK_1.2.0/lib/ksdk_platform_lib/kds/K64F12/debug/libksdk_platform.a(fsl_sdhc_driver.o) (g_sdhcIrqId)
C:/Freescale/KSDK_1.2.0/lib/ksdk_platform_lib/kds/K64F12/debug/libksdk_platform.a(fsl_rtc_common.o)
                              C:/Freescale/KSDK_1.2.0/lib/ksdk_platform_lib/kds/K64F12/debug/libksdk_platform.a(fsl_clock_manager.o) (g_rtcBase)
C:/Freescale/KSDK_1.2.0/lib/ksdk_platform_lib/kds/K64F12/debug/libksdk_platform.a(fsl_osc_hal.o)
                              C:/Freescale/KSDK_1.2.0/lib/ksdk_platform_lib/kds/K64F12/debug/libksdk_platform.a(fsl_clock_manager.o) (OSC_HAL_SetCapacitor)
C:/Freescale/KSDK_1.2.0/lib/ksdk_platform_lib/kds/K64F12/debug/libksdk_platform.a(fsl_mcg_hal.o)
                              C:/Freescale/KSDK_1.2.0/lib/ksdk_platform_lib/kds/K64F12/debug/libksdk_platform.a(fsl_clock_MK64F12.o) (CLOCK_HAL_GetFllClk)
C:/Freescale/KSDK_1.2.0/lib/ksdk_platform_lib/kds/K64F12/debug/libksdk_platform.a(fsl_mcg_hal_modes.o)
                              C:/Freescale/KSDK_1.2.0/lib/ksdk_platform_lib/kds/K64F12/debug/libksdk_platform.a(fsl_clock_manager.o) (CLOCK_HAL_GetMcgMode)
C:/Freescale/KSDK_1.2.0/lib/ksdk_platform_lib/kds/K64F12/debug/libksdk_platform.a(fsl_lptmr_hal.o)
                              C:/Freescale/KSDK_1.2.0/lib/ksdk_platform_lib/kds/K64F12/debug/libksdk_platform.a(fsl_os_abstraction_bm.o) (LPTMR_HAL_SetTimerWorkingMode)
C:/Freescale/KSDK_1.2.0/lib/ksdk_platform_lib/kds/K64F12/debug/libksdk_platform.a(fsl_interrupt_manager.o)
                              C:/Freescale/KSDK_1.2.0/lib/ksdk_platform_lib/kds/K64F12/debug/libksdk_platform.a(fsl_os_abstraction_bm.o) (INT_SYS_InstallHandler)
C:/Freescale/KSDK_1.2.0/lib/ksdk_platform_lib/kds/K64F12/debug/libksdk_platform.a(fsl_i2c_hal.o)
                              C:/Freescale/KSDK_1.2.0/lib/ksdk_platform_lib/kds/K64F12/debug/libksdk_platform.a(fsl_i2c_master_driver.o) (I2C_HAL_Init)
C:/Freescale/KSDK_1.2.0/lib/ksdk_platform_lib/kds/K64F12/debug/libksdk_platform.a(fsl_i2c_slave_driver.o)
[...]
Memory Configuration

Name             Origin             Length             Attributes
m_interrupts     0x00000000         0x00000400         xr
m_flash_config   0x00000400         0x00000010         xr
m_text           0x00000410         0x000ffbf0         xr
m_data           0x1fff0000         0x00010000         rw
m_data_2         0x20000000         0x00030000         rw
*default*        0x00000000         0xffffffff

Linker script and memory map

LOAD c:/freescale/kds_v3/toolchain/bin/../lib/gcc/arm-none-eabi/4.8.4/armv7e-m/fpu/crti.o
LOAD c:/freescale/kds_v3/toolchain/bin/../lib/gcc/arm-none-eabi/4.8.4/armv7e-m/fpu/crtbegin.o
LOAD c:/freescale/kds_v3/toolchain/bin/../lib/gcc/arm-none-eabi/4.8.4/../../../../arm-none-eabi/lib/armv7e-m/fpu/crt0.o
LOAD ./fatfs/fsl_sd_disk/src/fsl_sd_disk.o
LOAD ./fatfs/diskio.o
LOAD ./fatfs/ff.o
LOAD ./Sources/fsl_fxos8700_driver.o
LOAD ./Sources/fsl_i2c_irq.o
LOAD ./Sources/fsl_sdhc_irq.o
LOAD ./Sources/main.o
LOAD ./SDK/platform/utilities/fsl_debug_console.o
LOAD ./SDK/platform/utilities/print_scan.o
LOAD ./SDK/composite/src/sdcard/fsl_sdhc_card.o
LOAD ./SDK/board/board.o
LOAD ./SDK/board/gpio_pins.o
LOAD ./SDK/board/hardware_init.o
LOAD ./SDK/board/pin_mux.o
LOAD ./Project_Settings/Startup_Code/startup.o
LOAD ./Project_Settings/Startup_Code/startup_MK64F12.o
LOAD ./Project_Settings/Startup_Code/system_MK64F12.o
LOAD C:/Freescale/KSDK_1.2.0/lib/ksdk_platform_lib/kds/K64F12/debug/libksdk_platform.a
LOAD c:/freescale/kds_v3/toolchain/bin/../lib/gcc/arm-none-eabi/4.8.4/../../../../arm-none-eabi/lib/armv7e-m/fpu\libstdc++_s.a
LOAD c:/freescale/kds_v3/toolchain/bin/../lib/gcc/arm-none-eabi/4.8.4/../../../../arm-none-eabi/lib/armv7e-m/fpu\libm.a
START GROUP
LOAD c:/freescale/kds_v3/toolchain/bin/../lib/gcc/arm-none-eabi/4.8.4/armv7e-m/fpu\libgcc.a
LOAD c:/freescale/kds_v3/toolchain/bin/../lib/gcc/arm-none-eabi/4.8.4/../../../../arm-none-eabi/lib/armv7e-m/fpu\libg_s.a
LOAD c:/freescale/kds_v3/toolchain/bin/../lib/gcc/arm-none-eabi/4.8.4/../../../../arm-none-eabi/lib/armv7e-m/fpu\libc_s.a
END GROUP
START GROUP
LOAD c:/freescale/kds_v3/toolchain/bin/../lib/gcc/arm-none-eabi/4.8.4/armv7e-m/fpu\libgcc.a
LOAD c:/freescale/kds_v3/toolchain/bin/../lib/gcc/arm-none-eabi/4.8.4/../../../../arm-none-eabi/lib/armv7e-m/fpu\libc_s.a
LOAD c:/freescale/kds_v3/toolchain/bin/../lib/gcc/arm-none-eabi/4.8.4/../../../../arm-none-eabi/lib/armv7e-m/fpu\libnosys.a
END GROUP
START GROUP
LOAD c:/freescale/kds_v3/toolchain/bin/../lib/gcc/arm-none-eabi/4.8.4/armv7e-m/fpu\libgcc.a
LOAD c:/freescale/kds_v3/toolchain/bin/../lib/gcc/arm-none-eabi/4.8.4/../../../../arm-none-eabi/lib/armv7e-m/fpu\libc_s.a
LOAD c:/freescale/kds_v3/toolchain/bin/../lib/gcc/arm-none-eabi/4.8.4/../../../../arm-none-eabi/lib/armv7e-m/fpu\libnosys.a
END GROUP
LOAD c:/freescale/kds_v3/toolchain/bin/../lib/gcc/arm-none-eabi/4.8.4/armv7e-m/fpu/crtend.o
LOAD c:/freescale/kds_v3/toolchain/bin/../lib/gcc/arm-none-eabi/4.8.4/armv7e-m/fpu/crtn.o
                0x00000400                HEAP_SIZE = DEFINED (__heap_size__)?__heap_size__:0x400
                0x00000400                STACK_SIZE = DEFINED (__stack_size__)?__stack_size__:0x400
                0x00000000                M_VECTOR_RAM_SIZE = DEFINED (__ram_vector_table__)?0x400:0x0

.interrupts     0x00000000      0x400
                0x00000000                __VECTOR_TABLE = .
                0x00000000                . = ALIGN (0x4)
 *(.isr_vector)
 .isr_vector    0x00000000      0x400 ./Project_Settings/Startup_Code/startup_MK64F12.o
                0x00000000                __isr_vector
                0x00000400                . = ALIGN (0x4)

.flash_config   0x00000400       0x10
                0x00000400                . = ALIGN (0x4)
 *(.FlashConfig)
 .FlashConfig   0x00000400       0x10 ./Project_Settings/Startup_Code/startup_MK64F12.o
                0x00000410                . = ALIGN (0x4)

.text           0x00000410     0xa8f8
                0x00000410                . = ALIGN (0x4)
 *(.text)
 .text          0x00000410       0x54 c:/freescale/kds_v3/toolchain/bin/../lib/gcc/arm-none-eabi/4.8.4/armv7e-m/fpu/crtbegin.o
 .text          0x00000464       0x74 c:/freescale/kds_v3/toolchain/bin/../lib/gcc/arm-none-eabi/4.8.4/../../../../arm-none-eabi/lib/armv7e-m/fpu/crt0.o
                0x00000464                _start
                0x00000464                _mainCRTStartup
 .text          0x000004d8       0x14 ./Project_Settings/Startup_Code/startup_MK64F12.o
                0x000004d8                Reset_Handler
                0x000004e8                DebugMon_Handler
                0x000004e8                HardFault_Handler
                0x000004e8                SysTick_Handler
                0x000004e8                UART3_RX_TX_IRQHandler
                0x000004e8                PendSV_Handler
                0x000004e8                NMI_Handler
                0x000004e8                UART0_RX_TX_IRQHandler
                0x000004e8                DMA2_IRQHandler
                0x000004e8                ENET_Error_IRQHandler
                0x000004e8                CAN0_Tx_Warning_IRQHandler
                0x000004e8                PIT0_IRQHandler
                0x000004e8                CAN0_ORed_Message_buffer_IRQHandler
                0x000004e8                CMP2_IRQHandler
                0x000004e8                LLWU_IRQHandler
                0x000004e8                ENET_Receive_IRQHandler
                0x000004e8                ENET_1588_Timer_IRQHandler
                0x000004e8                UART2_RX_TX_IRQHandler
                0x000004e8                SWI_IRQHandler
                0x000004e8                ADC0_IRQHandler
                0x000004e8                UsageFault_Handler
                0x000004e8                I2S0_Tx_IRQHandler
                0x000004e8                CMT_IRQHandler
                0x000004e8                UART4_RX_TX_IRQHandler
                0x000004e8                SPI1_IRQHandler
                0x000004e8                DefaultISR
                0x000004e8                DMA9_IRQHandler
                0x000004e8                DMA14_IRQHandler
                0x000004e8                CMP1_IRQHandler
                0x000004e8                Reserved71_IRQHandler
                0x000004e8                PORTD_IRQHandler
                0x000004e8                PORTB_IRQHandler
                0x000004e8                UART4_ERR_IRQHandler
                0x000004e8                ADC1_IRQHandler
                0x000004e8                PIT2_IRQHandler
                0x000004e8                I2S0_Rx_IRQHandler
                0x000004e8                DMA5_IRQHandler
                0x000004e8                RTC_IRQHandler
                0x000004e8                PDB0_IRQHandler
                0x000004e8                CAN0_Rx_Warning_IRQHandler
                0x000004e8                FTM1_IRQHandler
                0x000004e8                UART5_RX_TX_IRQHandler
                0x000004e8                UART3_ERR_IRQHandler
                0x000004e8                PIT3_IRQHandler
                0x000004e8                RTC_Seconds_IRQHandler
                0x000004e8                MCG_IRQHandler
                0x000004e8                FTFE_IRQHandler
                0x000004e8                UART2_ERR_IRQHandler
                0x000004e8                DMA11_IRQHandler
                0x000004e8                UART5_ERR_IRQHandler
                0x000004e8                Read_Collision_IRQHandler
                0x000004e8                DMA7_IRQHandler
                0x000004e8                ENET_Transmit_IRQHandler
                0x000004e8                USBDCD_IRQHandler
                0x000004e8                USB0_IRQHandler
                0x000004e8                SPI2_IRQHandler
                0x000004e8                WDOG_EWM_IRQHandler
                0x000004e8                MemManage_Handler
                0x000004e8                SVC_Handler
                0x000004e8                DMA13_IRQHandler
                0x000004e8                DMA3_IRQHandler
                0x000004e8                UART0_LON_IRQHandler
                0x000004e8                RNG_IRQHandler
                0x000004e8                DMA0_IRQHandler
                0x000004e8                DMA15_IRQHandler
                0x000004e8                DAC0_IRQHandler
                0x000004e8                CAN0_Error_IRQHandler
                0x000004e8                DMA4_IRQHandler
                0x000004e8                PIT1_IRQHandler
                0x000004e8                UART0_ERR_IRQHandler
                0x000004e8                DMA_Error_IRQHandler
                0x000004e8                LVD_LVW_IRQHandler
                0x000004e8                SPI0_IRQHandler
                0x000004e8                FTM0_IRQHandler
                0x000004e8                PORTA_IRQHandler
                0x000004e8                DAC1_IRQHandler
                0x000004e8                MCM_IRQHandler
                0x000004e8                DMA12_IRQHandler
                0x000004e8                CAN0_Bus_Off_IRQHandler
                0x000004e8                FTM3_IRQHandler
                0x000004e8                PORTE_IRQHandler
                0x000004e8                FTM2_IRQHandler
                0x000004e8                LPTMR0_IRQHandler
                0x000004e8                BusFault_Handler
                0x000004e8                DMA8_IRQHandler
                0x000004e8                DMA10_IRQHandler
                0x000004e8                CAN0_Wake_Up_IRQHandler
                0x000004e8                UART1_ERR_IRQHandler
                0x000004e8                UART1_RX_TX_IRQHandler
                0x000004e8                CMP0_IRQHandler
                0x000004e8                PORTC_IRQHandler
                0x000004e8                DMA6_IRQHandler
                0x000004e8                DMA1_IRQHandler
 *(.text*)
 .text.sdcard_disk_write
                0x000004ec       0x54 ./fatfs/fsl_sd_disk/src/fsl_sd_disk.o
                0x000004ec                sdcard_disk_write
 .text.sdcard_disk_read
                0x00000540       0x54 ./fatfs/fsl_sd_disk/src/fsl_sd_disk.o
                0x00000540                sdcard_disk_read
 .text.sdcard_disk_ioctl
                0x00000594      0x168 ./fatfs/fsl_sd_disk/src/fsl_sd_disk.o
                0x00000594                sdcard_disk_ioctl
 .text.sdcard_disk_status
                0x000006fc       0x24 ./fatfs/fsl_sd_disk/src/fsl_sd_disk.o
                0x000006fc                sdcard_disk_status
 .text.sdcard_disk_initialize
                0x00000720       0xa4 ./fatfs/fsl_sd_disk/src/fsl_sd_disk.o
                0x00000720                sdcard_disk_initialize
 .text.disk_initialize
                0x000007c4       0x2c ./fatfs/diskio.o
                0x000007c4                disk_initialize
 .text.disk_status
                0x000007f0       0x2c ./fatfs/diskio.o
                0x000007f0                disk_status
 .text.disk_read
                0x0000081c       0x38 ./fatfs/diskio.o
                0x0000081c                disk_read
 .text.disk_write
                0x00000854       0x38 ./fatfs/diskio.o
                0x00000854                disk_write
 .text.disk_ioctl
                0x0000088c       0x38 ./fatfs/diskio.o
                0x0000088c                disk_ioctl
 .text.get_fattime
                0x000008c4       0x14 ./fatfs/diskio.o
                0x000008c4                get_fattime
 .text.mem_cpy  0x000008d8       0x3c ./fatfs/ff.o
 .text.mem_set  0x00000914       0x34 ./fatfs/ff.o
 .text.mem_cmp  0x00000948       0x50 ./fatfs/ff.o
 .text.convert_ptr
                0x00000998       0x34 ./fatfs/ff.o
                0x00000998                convert_ptr
 .text.buff_validation
                0x000009cc       0x6c ./fatfs/ff.o
                0x000009cc                buff_validation
 .text.clear_buff
                0x00000a38       0x34 ./fatfs/ff.o
                0x00000a38                clear_buff
 .text.get_sectorprev
                0x00000a6c       0x24 ./fatfs/ff.o
                0x00000a6c                get_sectorprev
 .text.clear_dirty2
                0x00000a90       0x34 ./fatfs/ff.o
                0x00000a90                clear_dirty2
 .text.set_sectorprev
                0x00000ac4       0x34 ./fatfs/ff.o
                0x00000ac4                set_sectorprev
 .text.set_dirty
                0x00000af8       0x38 ./fatfs/ff.o
                0x00000af8                set_dirty
 .text.chk_chr  0x00000b30       0x38 ./fatfs/ff.o
 .text.sync_winindex
                0x00000b68      0x1f4 ./fatfs/ff.o
 .text.move_window
                0x00000d5c       0xb8 ./fatfs/ff.o
 .text.sync_fs  0x00000e14      0x1ac ./fatfs/ff.o
 .text.clust2sect
                0x00000fc0       0x3c ./fatfs/ff.o
 .text.get_fat  0x00000ffc      0x154 ./fatfs/ff.o
 .text.put_fat  0x00001150      0x1f4 ./fatfs/ff.o
 .text.remove_chain
                0x00001344       0x9c ./fatfs/ff.o
 .text.create_chain
                0x000013e0      0x118 ./fatfs/ff.o
 .text.create_chain_for_clusts
                0x000014f8      0x2ac ./fatfs/ff.o
 .text.dir_sdi  0x000017a4      0x100 ./fatfs/ff.o
 .text.dir_next
                0x000018a4      0x20c ./fatfs/ff.o
 .text.dir_alloc
                0x00001ab0       0xc4 ./fatfs/ff.o
 .text.ld_clust
                0x00001b74       0x58 ./fatfs/ff.o
 .text.st_clust
                0x00001bcc       0x4c ./fatfs/ff.o
 .text.dir_find
                0x00001c18      0x10c ./fatfs/ff.o
 .text.dir_register
                0x00001d24       0x84 ./fatfs/ff.o
 .text.create_name
                0x00001da8      0x1ec ./fatfs/ff.o
 .text.follow_path
                0x00001f94      0x114 ./fatfs/ff.o
 .text.check_fs
                0x000020a8       0xd8 ./fatfs/ff.o
 .text.chk_mounted
                0x00002180      0x5cc ./fatfs/ff.o
 .text.validate
                0x0000274c       0x5c ./fatfs/ff.o
 .text.f_mount  0x000027a8       0x58 ./fatfs/ff.o
                0x000027a8                f_mount
 .text.f_open   0x00002800      0x2b4 ./fatfs/ff.o
                0x00002800                f_open
 .text.f_write  0x00002ab4      0x448 ./fatfs/ff.o
                0x00002ab4                f_write
 .text.f_sync   0x00002efc      0x120 ./fatfs/ff.o
                0x00002efc                f_sync
 .text.f_close  0x0000301c       0x28 ./fatfs/ff.o
                0x0000301c                f_close
 .text.f_chdrive
                0x00003044       0x2c ./fatfs/ff.o
                0x00003044                f_chdrive
 .text.f_lseek  0x00003070      0x22c ./fatfs/ff.o
                0x00003070                f_lseek
 .text.FXOS_Init
                0x0000329c      0x100 ./Sources/fsl_fxos8700_driver.o
                0x0000329c                FXOS_Init
 .text.FXOS_I2CInit
                0x0000339c       0x40 ./Sources/fsl_fxos8700_driver.o
 .text.FXOS_WriteReg
                0x000033dc       0x5c ./Sources/fsl_fxos8700_driver.o
                0x000033dc                FXOS_WriteReg
 .text.FXOS_ReadReg
                0x00003438       0x5c ./Sources/fsl_fxos8700_driver.o
                0x00003438                FXOS_ReadReg
 .text.FXOS_ModifyReg
                0x00003494       0x6c ./Sources/fsl_fxos8700_driver.o
                0x00003494                FXOS_ModifyReg
 .text.FXOS_ReadData
                0x00003500       0x50 ./Sources/fsl_fxos8700_driver.o
                0x00003500                FXOS_ReadData
 .text.I2C0_IRQHandler
                0x00003550        0xc ./Sources/fsl_i2c_irq.o
                0x00003550                I2C0_IRQHandler
 .text.I2C1_IRQHandler
                0x0000355c        0xc ./Sources/fsl_i2c_irq.o
                0x0000355c                I2C1_IRQHandler
 .text.I2C2_IRQHandler
                0x00003568        0xc ./Sources/fsl_i2c_irq.o
                0x00003568                I2C2_IRQHandler
 .text.SDHC_IRQHandler
                0x00003574        0xc ./Sources/fsl_sdhc_irq.o
                0x00003574                SDHC_IRQHandler
 .text.MPU_HAL_Disable
                0x00003580       0x20 ./Sources/main.o
 .text.main     0x000035a0      0x20c ./Sources/main.o
                0x000035a0                main
 .text.log_accel_values
                0x000037ac      0x248 ./Sources/main.o
                0x000037ac                log_accel_values
 .text.sdhc_detect
                0x000039f4       0x50 ./Sources/main.o
                0x000039f4                sdhc_detect
 .text.int16tostr
                0x00003a44       0xc4 ./Sources/main.o
                0x00003a44                int16tostr
 .text.UART_HAL_EnableTransmitter
                0x00003b08       0x24 ./SDK/platform/utilities/fsl_debug_console.o
 .text.UART_HAL_EnableReceiver
                0x00003b2c       0x24 ./SDK/platform/utilities/fsl_debug_console.o
 .text.UART_HAL_SetBitCountPerChar
                0x00003b50       0x28 ./SDK/platform/utilities/fsl_debug_console.o
 .text.UART_HAL_SetStopBitCount
                0x00003b78       0x24 ./SDK/platform/utilities/fsl_debug_console.o
 .text.DbgConsole_Init
                0x00003b9c       0xc8 ./SDK/platform/utilities/fsl_debug_console.o
                0x00003b9c                DbgConsole_Init
 .text._write   0x00003c64       0x58 ./SDK/platform/utilities/fsl_debug_console.o
                0x00003c64                _write
 .text._read    0x00003cbc       0x44 ./SDK/platform/utilities/fsl_debug_console.o
                0x00003cbc                _read
 .text.SDCARD_DRV_DelayMsec
                0x00003d00       0x48 ./SDK/composite/src/sdcard/fsl_sdhc_card.o
 .text.SDCARD_DRV_DecodeCsd
                0x00003d48      0x36c ./SDK/composite/src/sdcard/fsl_sdhc_card.o
 .text.SDCARD_DRV_DecodeCid
                0x000040b4       0xf8 ./SDK/composite/src/sdcard/fsl_sdhc_card.o
 .text.SDCARD_DRV_SendApplicationCmd
                0x000041ac      0x104 ./SDK/composite/src/sdcard/fsl_sdhc_card.o
 .text.SDCARD_DRV_AllSendCid
                0x000042b0       0xdc ./SDK/composite/src/sdcard/fsl_sdhc_card.o
 .text.SDCARD_DRV_SendRca
                0x0000438c       0xc8 ./SDK/composite/src/sdcard/fsl_sdhc_card.o
 .text.SDCARD_DRV_SendCsd
                0x00004454       0xe0 ./SDK/composite/src/sdcard/fsl_sdhc_card.o
 .text.SDCARD_DRV_SelectCard
                0x00004534       0xd8 ./SDK/composite/src/sdcard/fsl_sdhc_card.o
 .text.SDCARD_DRV_SetBlockSize
                0x0000460c       0xc0 ./SDK/composite/src/sdcard/fsl_sdhc_card.o
 .text.SDCARD_DRV_Switch
                0x000046cc      0x14c ./SDK/composite/src/sdcard/fsl_sdhc_card.o
 .text.SDCARD_DRV_DecodeScr
                0x00004818      0x148 ./SDK/composite/src/sdcard/fsl_sdhc_card.o
 .text.SDCARD_DRV_SendScr
                0x00004960      0x160 ./SDK/composite/src/sdcard/fsl_sdhc_card.o
 .text.SDCARD_DRV_SwitchHighspeed
                0x00004ac0       0xf0 ./SDK/composite/src/sdcard/fsl_sdhc_card.o
 .text.SDCARD_DRV_SetBusWidth
                0x00004bb0       0xe8 ./SDK/composite/src/sdcard/fsl_sdhc_card.o
 .text.SDCARD_DRV_InitSd
                0x00004c98      0x14c ./SDK/composite/src/sdcard/fsl_sdhc_card.o
 .text.SDCARD_DRV_AppSendOpCond
                0x00004de4      0x130 ./SDK/composite/src/sdcard/fsl_sdhc_card.o
 .text.SDCARD_DRV_GoIdle
                0x00004f14       0xac ./SDK/composite/src/sdcard/fsl_sdhc_card.o
 .text.SDCARD_DRV_SendIfCond
                0x00004fc0       0xd8 ./SDK/composite/src/sdcard/fsl_sdhc_card.o
 .text.SDCARD_DRV_Read
                0x00005098      0x1c4 ./SDK/composite/src/sdcard/fsl_sdhc_card.o
 .text.SDCARD_DRV_Write
                0x0000525c      0x1c0 ./SDK/composite/src/sdcard/fsl_sdhc_card.o
 .text.SDCARD_DRV_Init
                0x0000541c       0xfc ./SDK/composite/src/sdcard/fsl_sdhc_card.o
                0x0000541c                SDCARD_DRV_Init
 .text.SDCARD_DRV_WriteBlocks
                0x00005518       0xf0 ./SDK/composite/src/sdcard/fsl_sdhc_card.o
                0x00005518                SDCARD_DRV_WriteBlocks
 .text.SDCARD_DRV_ReadBlocks
                0x00005608       0xf0 ./SDK/composite/src/sdcard/fsl_sdhc_card.o
                0x00005608                SDCARD_DRV_ReadBlocks
 .text.PORT_HAL_SetMuxMode
                0x000056f8       0x58 ./SDK/board/board.o
 .text.SMC_HAL_SetProtection
                0x00005750       0x1c ./SDK/board/board.o
 .text.BOARD_InitOsc0
                0x0000576c       0x3c ./SDK/board/board.o
                0x0000576c                BOARD_InitOsc0
 .text.BOARD_InitRtcOsc
                0x000057a8       0x24 ./SDK/board/board.o
                0x000057a8                BOARD_InitRtcOsc
 .text.BOARD_ClockInit
                0x000057cc       0x34 ./SDK/board/board.o
                0x000057cc                BOARD_ClockInit
 .text.dbg_uart_init
                0x00005800       0x18 ./SDK/board/board.o
                0x00005800                dbg_uart_init
 .text.hardware_init
                0x00005818       0x48 ./SDK/board/hardware_init.o
                0x00005818                hardware_init
 .text.PORT_HAL_SetPullMode
                0x00005860       0x44 ./SDK/board/pin_mux.o
 .text.PORT_HAL_SetPullCmd
                0x000058a4       0x48 ./SDK/board/pin_mux.o
 .text.PORT_HAL_SetSlewRateMode
                0x000058ec       0x48 ./SDK/board/pin_mux.o
 .text.PORT_HAL_SetPassiveFilterCmd
                0x00005934       0x48 ./SDK/board/pin_mux.o
 .text.PORT_HAL_SetOpenDrainCmd
                0x0000597c       0x48 ./SDK/board/pin_mux.o
 .text.PORT_HAL_SetDriveStrengthMode
                0x000059c4       0x48 ./SDK/board/pin_mux.o
 .text.PORT_HAL_SetMuxMode
                0x00005a0c       0x58 ./SDK/board/pin_mux.o
 .text.configure_gpio_pins
                0x00005a64      0x134 ./SDK/board/pin_mux.o
                0x00005a64                configure_gpio_pins
 .text.configure_i2c_pins
                0x00005b98       0x78 ./SDK/board/pin_mux.o
                0x00005b98                configure_i2c_pins
 .text.configure_sdhc_pins
                0x00005c10      0x104 ./SDK/board/pin_mux.o
                0x00005c10                configure_sdhc_pins
 .text.configure_uart_pins
                0x00005d14       0x50 ./SDK/board/pin_mux.o
                0x00005d14                configure_uart_pins
 .text.init_data_bss
                0x00005d64       0xcc ./Project_Settings/Startup_Code/startup.o
                0x00005d64                init_data_bss
 .text.SystemInit
                0x00005e30       0x3c ./Project_Settings/Startup_Code/system_MK64F12.o
                0x00005e30                SystemInit
 .text.UART_HAL_SetBaudRate
                0x00005e6c       0x42 C:/Freescale/KSDK_1.2.0/lib/ksdk_platform_lib/kds/K64F12/debug/libksdk_platform.a(fsl_uart_hal.o)
                0x00005e6c                UART_HAL_SetBaudRate
 .text.UART_HAL_SetParityMode
                0x00005eae       0x14 C:/Freescale/KSDK_1.2.0/lib/ksdk_platform_lib/kds/K64F12/debug/libksdk_platform.a(fsl_uart_hal.o)
                0x00005eae                UART_HAL_SetParityMode
 .text.UART_HAL_SendDataPolling
                0x00005ec2       0x22 C:/Freescale/KSDK_1.2.0/lib/ksdk_platform_lib/kds/K64F12/debug/libksdk_platform.a(fsl_uart_hal.o)
                0x00005ec2                UART_HAL_SendDataPolling
 .text.UART_HAL_ReceiveDataPolling
                0x00005ee4       0x3a C:/Freescale/KSDK_1.2.0/lib/ksdk_platform_lib/kds/K64F12/debug/libksdk_platform.a(fsl_uart_hal.o)
                0x00005ee4                UART_HAL_ReceiveDataPolling
 *fill*         0x00005f1e        0x2 
 .text.SDHC_DRV_ClearSetInt
                0x00005f20       0x3c C:/Freescale/KSDK_1.2.0/lib/ksdk_platform_lib/kds/K64F12/debug/libksdk_platform.a(fsl_sdhc_driver.o)
 .text.SDHC_DRV_SetRequestError
                0x00005f5c       0x9c C:/Freescale/KSDK_1.2.0/lib/ksdk_platform_lib/kds/K64F12/debug/libksdk_platform.a(fsl_sdhc_driver.o)
 .text.SDHC_DRV_SetClock.isra.5
                0x00005ff8       0x20 C:/Freescale/KSDK_1.2.0/lib/ksdk_platform_lib/kds/K64F12/debug/libksdk_platform.a(fsl_sdhc_driver.o)
 .text.unlikely.SDHC_DRV_SetAdma2Descriptor.part.7
                0x00006018       0x1c C:/Freescale/KSDK_1.2.0/lib/ksdk_platform_lib/kds/K64F12/debug/libksdk_platform.a(fsl_sdhc_driver.o)
 .text.SDHC_DRV_ConfigClock
                0x00006034       0x50 C:/Freescale/KSDK_1.2.0/lib/ksdk_platform_lib/kds/K64F12/debug/libksdk_platform.a(fsl_sdhc_driver.o)
                0x00006034                SDHC_DRV_ConfigClock
 .text.SDHC_DRV_SetBusWidth
                0x00006084       0x54 C:/Freescale/KSDK_1.2.0/lib/ksdk_platform_lib/kds/K64F12/debug/libksdk_platform.a(fsl_sdhc_driver.o)
                0x00006084                SDHC_DRV_SetBusWidth
 .text.SDHC_DRV_DoIrq
                0x000060d8      0x2c8 C:/Freescale/KSDK_1.2.0/lib/ksdk_platform_lib/kds/K64F12/debug/libksdk_platform.a(fsl_sdhc_driver.o)
                0x000060d8                SDHC_DRV_DoIrq
 .text.SDHC_DRV_Shutdown
                0x000063a0       0x94 C:/Freescale/KSDK_1.2.0/lib/ksdk_platform_lib/kds/K64F12/debug/libksdk_platform.a(fsl_sdhc_driver.o)
                0x000063a0                SDHC_DRV_Shutdown
 .text.SDHC_DRV_DetectCard
                0x00006434       0x70 C:/Freescale/KSDK_1.2.0/lib/ksdk_platform_lib/kds/K64F12/debug/libksdk_platform.a(fsl_sdhc_driver.o)
                0x00006434                SDHC_DRV_DetectCard
 .text.SDHC_DRV_Init
                0x000064a4      0x2b8 C:/Freescale/KSDK_1.2.0/lib/ksdk_platform_lib/kds/K64F12/debug/libksdk_platform.a(fsl_sdhc_driver.o)
                0x000064a4                SDHC_DRV_Init
 .text.SDHC_DRV_IssueRequestBlocking
                0x0000675c      0x3e8 C:/Freescale/KSDK_1.2.0/lib/ksdk_platform_lib/kds/K64F12/debug/libksdk_platform.a(fsl_sdhc_driver.o)
                0x0000675c                SDHC_DRV_IssueRequestBlocking
 .text.I2C_DRV_MasterWait
                0x00006b44       0x44 C:/Freescale/KSDK_1.2.0/lib/ksdk_platform_lib/kds/K64F12/debug/libksdk_platform.a(fsl_i2c_master_driver.o)
 .text.I2C_DRV_SendAddress.isra.2
                0x00006b88      0x120 C:/Freescale/KSDK_1.2.0/lib/ksdk_platform_lib/kds/K64F12/debug/libksdk_platform.a(fsl_i2c_master_driver.o)
 .text.I2C_DRV_CompleteTransfer
                0x00006ca8       0x6c C:/Freescale/KSDK_1.2.0/lib/ksdk_platform_lib/kds/K64F12/debug/libksdk_platform.a(fsl_i2c_master_driver.o)
 .text.I2C_DRV_MasterInit
                0x00006d14       0xd8 C:/Freescale/KSDK_1.2.0/lib/ksdk_platform_lib/kds/K64F12/debug/libksdk_platform.a(fsl_i2c_master_driver.o)
                0x00006d14                I2C_DRV_MasterInit
 .text.I2C_DRV_MasterSetBaudRate
                0x00006dec       0x64 C:/Freescale/KSDK_1.2.0/lib/ksdk_platform_lib/kds/K64F12/debug/libksdk_platform.a(fsl_i2c_master_driver.o)
                0x00006dec                I2C_DRV_MasterSetBaudRate
 .text.I2C_DRV_MasterSend
                0x00006e50       0xfc C:/Freescale/KSDK_1.2.0/lib/ksdk_platform_lib/kds/K64F12/debug/libksdk_platform.a(fsl_i2c_master_driver.o)
 .text.I2C_DRV_MasterReceive
                0x00006f4c       0xfc C:/Freescale/KSDK_1.2.0/lib/ksdk_platform_lib/kds/K64F12/debug/libksdk_platform.a(fsl_i2c_master_driver.o)
 .text.I2C_DRV_MasterSendDataBlocking
                0x00007048       0x1a C:/Freescale/KSDK_1.2.0/lib/ksdk_platform_lib/kds/K64F12/debug/libksdk_platform.a(fsl_i2c_master_driver.o)
                0x00007048                I2C_DRV_MasterSendDataBlocking
 .text.I2C_DRV_MasterReceiveDataBlocking
                0x00007062       0x1a C:/Freescale/KSDK_1.2.0/lib/ksdk_platform_lib/kds/K64F12/debug/libksdk_platform.a(fsl_i2c_master_driver.o)
                0x00007062                I2C_DRV_MasterReceiveDataBlocking
 .text.I2C_DRV_MasterIRQHandler
                0x0000707c       0xa0 C:/Freescale/KSDK_1.2.0/lib/ksdk_platform_lib/kds/K64F12/debug/libksdk_platform.a(fsl_i2c_master_driver.o)
                0x0000707c                I2C_DRV_MasterIRQHandler
 .text.I2C_DRV_IRQHandler
                0x0000711c       0x44 C:/Freescale/KSDK_1.2.0/lib/ksdk_platform_lib/kds/K64F12/debug/libksdk_platform.a(fsl_i2c_shared_function.o)
                0x0000711c                I2C_DRV_IRQHandler
 .text.unlikely.PORT_HAL_SetMuxMode.part.0
                0x00007160       0x1c C:/Freescale/KSDK_1.2.0/lib/ksdk_platform_lib/kds/K64F12/debug/libksdk_platform.a(fsl_gpio_driver.o)
 .text.GPIO_DRV_InputPinInit
                0x0000717c       0xe4 C:/Freescale/KSDK_1.2.0/lib/ksdk_platform_lib/kds/K64F12/debug/libksdk_platform.a(fsl_gpio_driver.o)
                0x0000717c                GPIO_DRV_InputPinInit
 .text.GPIO_DRV_ReadPinInput
                0x00007260       0x3c C:/Freescale/KSDK_1.2.0/lib/ksdk_platform_lib/kds/K64F12/debug/libksdk_platform.a(fsl_gpio_driver.o)
                0x00007260                GPIO_DRV_ReadPinInput
 .text.SIM_HAL_EnableClock.constprop.12
                0x0000729c       0x10 C:/Freescale/KSDK_1.2.0/lib/ksdk_platform_lib/kds/K64F12/debug/libksdk_platform.a(fsl_clock_MK64F12.o)
 .text.CLOCK_SYS_GetCoreClockFreq
                0x000072ac       0x24 C:/Freescale/KSDK_1.2.0/lib/ksdk_platform_lib/kds/K64F12/debug/libksdk_platform.a(fsl_clock_MK64F12.o)
                0x000072ac                CLOCK_SYS_GetCoreClockFreq
 .text.CLOCK_SYS_SetConfiguration
                0x000072d0       0x94 C:/Freescale/KSDK_1.2.0/lib/ksdk_platform_lib/kds/K64F12/debug/libksdk_platform.a(fsl_clock_MK64F12.o)
                0x000072d0                CLOCK_SYS_SetConfiguration
 .text.CLOCK_SYS_FllStableDelay
                0x00007364       0x1a C:/Freescale/KSDK_1.2.0/lib/ksdk_platform_lib/kds/K64F12/debug/libksdk_platform.a(fsl_clock_MK64F12.o)
 *fill*         0x0000737e        0x2 
 .text.CLOCK_SYS_GetSystemClockFreq
                0x00007380       0x24 C:/Freescale/KSDK_1.2.0/lib/ksdk_platform_lib/kds/K64F12/debug/libksdk_platform.a(fsl_clock_MK64F12.o)
                0x00007380                CLOCK_SYS_GetSystemClockFreq
 .text.CLOCK_SYS_GetBusClockFreq
                0x000073a4       0x24 C:/Freescale/KSDK_1.2.0/lib/ksdk_platform_lib/kds/K64F12/debug/libksdk_platform.a(fsl_clock_MK64F12.o)
                0x000073a4                CLOCK_SYS_GetBusClockFreq
 .text.CLOCK_SYS_GetPllFllClockFreq
                0x000073c8       0x34 C:/Freescale/KSDK_1.2.0/lib/ksdk_platform_lib/kds/K64F12/debug/libksdk_platform.a(fsl_clock_MK64F12.o)
                0x000073c8                CLOCK_SYS_GetPllFllClockFreq
 .text.CLOCK_SYS_GetOsc0ExternalRefClockFreq
                0x000073fc       0x20 C:/Freescale/KSDK_1.2.0/lib/ksdk_platform_lib/kds/K64F12/debug/libksdk_platform.a(fsl_clock_MK64F12.o)
                0x000073fc                CLOCK_SYS_GetOsc0ExternalRefClockFreq
 .text.CLOCK_SYS_GetUartFreq
                0x0000741c       0x1a C:/Freescale/KSDK_1.2.0/lib/ksdk_platform_lib/kds/K64F12/debug/libksdk_platform.a(fsl_clock_MK64F12.o)
                0x0000741c                CLOCK_SYS_GetUartFreq
 *fill*         0x00007436        0x2 
 .text.CLOCK_SYS_GetSdhcFreq
                0x00007438       0x34 C:/Freescale/KSDK_1.2.0/lib/ksdk_platform_lib/kds/K64F12/debug/libksdk_platform.a(fsl_clock_MK64F12.o)
                0x00007438                CLOCK_SYS_GetSdhcFreq
 .text.CLOCK_SYS_EnablePortClock
                0x0000746c       0x30 C:/Freescale/KSDK_1.2.0/lib/ksdk_platform_lib/kds/K64F12/debug/libksdk_platform.a(fsl_clock_MK64F12.o)
                0x0000746c                CLOCK_SYS_EnablePortClock
 .text.CLOCK_SYS_EnableI2cClock
                0x0000749c       0x30 C:/Freescale/KSDK_1.2.0/lib/ksdk_platform_lib/kds/K64F12/debug/libksdk_platform.a(fsl_clock_MK64F12.o)
                0x0000749c                CLOCK_SYS_EnableI2cClock
 .text.CLOCK_SYS_EnableUartClock
                0x000074cc       0x30 C:/Freescale/KSDK_1.2.0/lib/ksdk_platform_lib/kds/K64F12/debug/libksdk_platform.a(fsl_clock_MK64F12.o)
                0x000074cc                CLOCK_SYS_EnableUartClock
 .text.CLOCK_SYS_SetMcgPeeToFbe
                0x000074fc       0x38 C:/Freescale/KSDK_1.2.0/lib/ksdk_platform_lib/kds/K64F12/debug/libksdk_platform.a(fsl_clock_manager.o)
 .text.CLOCK_SYS_SetMcgMode
                0x00007534      0x12c C:/Freescale/KSDK_1.2.0/lib/ksdk_platform_lib/kds/K64F12/debug/libksdk_platform.a(fsl_clock_manager.o)
                0x00007534                CLOCK_SYS_SetMcgMode
 .text.CLOCK_SYS_SetOscerConfigration
                0x00007660       0x1c C:/Freescale/KSDK_1.2.0/lib/ksdk_platform_lib/kds/K64F12/debug/libksdk_platform.a(fsl_clock_manager.o)
                0x00007660                CLOCK_SYS_SetOscerConfigration
 .text.CLOCK_SYS_OscInit
                0x0000767c       0x98 C:/Freescale/KSDK_1.2.0/lib/ksdk_platform_lib/kds/K64F12/debug/libksdk_platform.a(fsl_clock_manager.o)
                0x0000767c                CLOCK_SYS_OscInit
 .text.CLOCK_SYS_RtcOscInit
                0x00007714       0x68 C:/Freescale/KSDK_1.2.0/lib/ksdk_platform_lib/kds/K64F12/debug/libksdk_platform.a(fsl_clock_manager.o)
                0x00007714                CLOCK_SYS_RtcOscInit
 .text.OSA_TimeInit
                0x0000777c       0x44 C:/Freescale/KSDK_1.2.0/lib/ksdk_platform_lib/kds/K64F12/debug/libksdk_platform.a(fsl_os_abstraction_bm.o)
                0x0000777c                OSA_TimeInit
 .text.OSA_TimeDiff
                0x000077c0        0xe C:/Freescale/KSDK_1.2.0/lib/ksdk_platform_lib/kds/K64F12/debug/libksdk_platform.a(fsl_os_abstraction_bm.o)
                0x000077c0                OSA_TimeDiff
 *fill*         0x000077ce        0x2 
 .text.OSA_SemaCreate
                0x000077d0       0x2c C:/Freescale/KSDK_1.2.0/lib/ksdk_platform_lib/kds/K64F12/debug/libksdk_platform.a(fsl_os_abstraction_bm.o)
                0x000077d0                OSA_SemaCreate
 .text.OSA_SemaPost
                0x000077fc       0x3c C:/Freescale/KSDK_1.2.0/lib/ksdk_platform_lib/kds/K64F12/debug/libksdk_platform.a(fsl_os_abstraction_bm.o)
                0x000077fc                OSA_SemaPost
 .text.OSA_SemaDestroy
                0x00007838       0x20 C:/Freescale/KSDK_1.2.0/lib/ksdk_platform_lib/kds/K64F12/debug/libksdk_platform.a(fsl_os_abstraction_bm.o)
                0x00007838                OSA_SemaDestroy
 .text.OSA_EventSet
                0x00007858       0x34 C:/Freescale/KSDK_1.2.0/lib/ksdk_platform_lib/kds/K64F12/debug/libksdk_platform.a(fsl_os_abstraction_bm.o)
                0x00007858                OSA_EventSet
 .text.task_init
                0x0000788c       0x38 C:/Freescale/KSDK_1.2.0/lib/ksdk_platform_lib/kds/K64F12/debug/libksdk_platform.a(fsl_os_abstraction_bm.o)
                0x0000788c                task_init
 .text.OSA_TimeGetMsec
                0x000078c4        0xc C:/Freescale/KSDK_1.2.0/lib/ksdk_platform_lib/kds/K64F12/debug/libksdk_platform.a(fsl_os_abstraction_bm.o)
                0x000078c4                OSA_TimeGetMsec
 .text.OSA_SemaWait
                0x000078d0       0x88 C:/Freescale/KSDK_1.2.0/lib/ksdk_platform_lib/kds/K64F12/debug/libksdk_platform.a(fsl_os_abstraction_bm.o)
                0x000078d0                OSA_SemaWait
 .text.OSA_TimeDelay
                0x00007958       0x1c C:/Freescale/KSDK_1.2.0/lib/ksdk_platform_lib/kds/K64F12/debug/libksdk_platform.a(fsl_os_abstraction_bm.o)
                0x00007958                OSA_TimeDelay
 .text.OSA_Init
                0x00007974        0xe C:/Freescale/KSDK_1.2.0/lib/ksdk_platform_lib/kds/K64F12/debug/libksdk_platform.a(fsl_os_abstraction_bm.o)
                0x00007974                OSA_Init
 .text.CLOCK_HAL_SetOutDiv
                0x00007982       0x28 C:/Freescale/KSDK_1.2.0/lib/ksdk_platform_lib/kds/K64F12/debug/libksdk_platform.a(fsl_sim_hal_MK64F12.o)
                0x00007982                CLOCK_HAL_SetOutDiv
 .text.SDHC_HAL_SetIntSignal
                0x000079aa       0x10 C:/Freescale/KSDK_1.2.0/lib/ksdk_platform_lib/kds/K64F12/debug/libksdk_platform.a(fsl_sdhc_hal.o)
                0x000079aa                SDHC_HAL_SetIntSignal
 .text.SDHC_HAL_SetIntState
                0x000079ba       0x10 C:/Freescale/KSDK_1.2.0/lib/ksdk_platform_lib/kds/K64F12/debug/libksdk_platform.a(fsl_sdhc_hal.o)
                0x000079ba                SDHC_HAL_SetIntState
 *fill*         0x000079ca        0x2 
 .text.SDHC_HAL_GetResponse
                0x000079cc       0x28 C:/Freescale/KSDK_1.2.0/lib/ksdk_platform_lib/kds/K64F12/debug/libksdk_platform.a(fsl_sdhc_hal.o)
                0x000079cc                SDHC_HAL_GetResponse
 .text.SDHC_HAL_InitCard
                0x000079f4       0x40 C:/Freescale/KSDK_1.2.0/lib/ksdk_platform_lib/kds/K64F12/debug/libksdk_platform.a(fsl_sdhc_hal.o)
                0x000079f4                SDHC_HAL_InitCard
 .text.SDHC_HAL_Reset
                0x00007a34       0x3c C:/Freescale/KSDK_1.2.0/lib/ksdk_platform_lib/kds/K64F12/debug/libksdk_platform.a(fsl_sdhc_hal.o)
                0x00007a34                SDHC_HAL_Reset
 .text.SDHC_HAL_GetBasicInfo
                0x00007a70       0x98 C:/Freescale/KSDK_1.2.0/lib/ksdk_platform_lib/kds/K64F12/debug/libksdk_platform.a(fsl_sdhc_hal.o)
                0x00007a70                SDHC_HAL_GetBasicInfo
 .text.SDHC_HAL_ConfigSdClock
                0x00007b08       0xa8 C:/Freescale/KSDK_1.2.0/lib/ksdk_platform_lib/kds/K64F12/debug/libksdk_platform.a(fsl_sdhc_hal.o)
                0x00007b08                SDHC_HAL_ConfigSdClock
 .text.SDHC_HAL_GetCurState
                0x00007bb0      0x100 C:/Freescale/KSDK_1.2.0/lib/ksdk_platform_lib/kds/K64F12/debug/libksdk_platform.a(fsl_sdhc_hal.o)
                0x00007bb0                SDHC_HAL_GetCurState
 .text.SDHC_HAL_Config
                0x00007cb0      0x158 C:/Freescale/KSDK_1.2.0/lib/ksdk_platform_lib/kds/K64F12/debug/libksdk_platform.a(fsl_sdhc_hal.o)
                0x00007cb0                SDHC_HAL_Config
 .text.SDHC_HAL_Init
                0x00007e08       0x28 C:/Freescale/KSDK_1.2.0/lib/ksdk_platform_lib/kds/K64F12/debug/libksdk_platform.a(fsl_sdhc_hal.o)
                0x00007e08                SDHC_HAL_Init
 .text.SDHC_HAL_SendCmd
                0x00007e30       0x6c C:/Freescale/KSDK_1.2.0/lib/ksdk_platform_lib/kds/K64F12/debug/libksdk_platform.a(fsl_sdhc_hal.o)
                0x00007e30                SDHC_HAL_SendCmd
 .text.OSC_HAL_SetCapacitor
                0x00007e9c        0xe C:/Freescale/KSDK_1.2.0/lib/ksdk_platform_lib/kds/K64F12/debug/libksdk_platform.a(fsl_osc_hal.o)
                0x00007e9c                OSC_HAL_SetCapacitor
 *fill*         0x00007eaa        0x2 
 .text.CLOCK_HAL_TestOscFreq
                0x00007eac       0x28 C:/Freescale/KSDK_1.2.0/lib/ksdk_platform_lib/kds/K64F12/debug/libksdk_platform.a(fsl_mcg_hal.o)
                0x00007eac                CLOCK_HAL_TestOscFreq
 .text.CLOCK_HAL_GetMcgExternalClkFreq
                0x00007ed4        0xa C:/Freescale/KSDK_1.2.0/lib/ksdk_platform_lib/kds/K64F12/debug/libksdk_platform.a(fsl_mcg_hal.o)
 .text.CLOCK_HAL_TestFllExternalRefFreq
                0x00007ede       0x32 C:/Freescale/KSDK_1.2.0/lib/ksdk_platform_lib/kds/K64F12/debug/libksdk_platform.a(fsl_mcg_hal.o)
                0x00007ede                CLOCK_HAL_TestFllExternalRefFreq
 .text.CLOCK_HAL_GetFllRefClk
                0x00007f10       0x3c C:/Freescale/KSDK_1.2.0/lib/ksdk_platform_lib/kds/K64F12/debug/libksdk_platform.a(fsl_mcg_hal.o)
                0x00007f10                CLOCK_HAL_GetFllRefClk
 .text.CLOCK_HAL_TestFllFreq
                0x00007f4c       0x34 C:/Freescale/KSDK_1.2.0/lib/ksdk_platform_lib/kds/K64F12/debug/libksdk_platform.a(fsl_mcg_hal.o)
                0x00007f4c                CLOCK_HAL_TestFllFreq
 .text.CLOCK_HAL_GetFllClk
                0x00007f80       0x36 C:/Freescale/KSDK_1.2.0/lib/ksdk_platform_lib/kds/K64F12/debug/libksdk_platform.a(fsl_mcg_hal.o)
                0x00007f80                CLOCK_HAL_GetFllClk
 .text.CLOCK_HAL_UpdateFastClkInternalRefDiv
                0x00007fb6       0x58 C:/Freescale/KSDK_1.2.0/lib/ksdk_platform_lib/kds/K64F12/debug/libksdk_platform.a(fsl_mcg_hal.o)
                0x00007fb6                CLOCK_HAL_UpdateFastClkInternalRefDiv
 .text.CLOCK_HAL_GetPll0Clk
                0x0000800e       0x3e C:/Freescale/KSDK_1.2.0/lib/ksdk_platform_lib/kds/K64F12/debug/libksdk_platform.a(fsl_mcg_hal.o)
                0x0000800e                CLOCK_HAL_GetPll0Clk
 .text.CLOCK_HAL_EnablePll0InFllMode
                0x0000804c       0x3a C:/Freescale/KSDK_1.2.0/lib/ksdk_platform_lib/kds/K64F12/debug/libksdk_platform.a(fsl_mcg_hal.o)
                0x0000804c                CLOCK_HAL_EnablePll0InFllMode
 *fill*         0x00008086        0x2 
 .text.CLOCK_HAL_GetInternalRefClk
                0x00008088       0x3c C:/Freescale/KSDK_1.2.0/lib/ksdk_platform_lib/kds/K64F12/debug/libksdk_platform.a(fsl_mcg_hal.o)
                0x00008088                CLOCK_HAL_GetInternalRefClk
 .text.CLOCK_HAL_GetOutClk
                0x000080c4       0x22 C:/Freescale/KSDK_1.2.0/lib/ksdk_platform_lib/kds/K64F12/debug/libksdk_platform.a(fsl_mcg_hal.o)
                0x000080c4                CLOCK_HAL_GetOutClk
 .text.CLOCK_HAL_SetOsc0Mode
                0x000080e6       0x24 C:/Freescale/KSDK_1.2.0/lib/ksdk_platform_lib/kds/K64F12/debug/libksdk_platform.a(fsl_mcg_hal.o)
                0x000080e6                CLOCK_HAL_SetOsc0Mode
 .text.CLOCK_HAL_PrepareOsc
                0x0000810a       0x2c C:/Freescale/KSDK_1.2.0/lib/ksdk_platform_lib/kds/K64F12/debug/libksdk_platform.a(fsl_mcg_hal_modes.o)
 .text.CLOCK_HAL_GetMcgMode
                0x00008136       0x76 C:/Freescale/KSDK_1.2.0/lib/ksdk_platform_lib/kds/K64F12/debug/libksdk_platform.a(fsl_mcg_hal_modes.o)
                0x00008136                CLOCK_HAL_GetMcgMode
 .text.CLOCK_HAL_SetFbiMode
                0x000081ac       0xbc C:/Freescale/KSDK_1.2.0/lib/ksdk_platform_lib/kds/K64F12/debug/libksdk_platform.a(fsl_mcg_hal_modes.o)
                0x000081ac                CLOCK_HAL_SetFbiMode
 .text.CLOCK_HAL_SetFbeMode
                0x00008268       0xf4 C:/Freescale/KSDK_1.2.0/lib/ksdk_platform_lib/kds/K64F12/debug/libksdk_platform.a(fsl_mcg_hal_modes.o)
                0x00008268                CLOCK_HAL_SetFbeMode
 .text.CLOCK_HAL_SetPbeMode
                0x0000835c       0xd0 C:/Freescale/KSDK_1.2.0/lib/ksdk_platform_lib/kds/K64F12/debug/libksdk_platform.a(fsl_mcg_hal_modes.o)
                0x0000835c                CLOCK_HAL_SetPbeMode
 .text.LPTMR_HAL_SetTimerWorkingMode
                0x0000842c       0x40 C:/Freescale/KSDK_1.2.0/lib/ksdk_platform_lib/kds/K64F12/debug/libksdk_platform.a(fsl_lptmr_hal.o)
                0x0000842c                LPTMR_HAL_SetTimerWorkingMode
 .text.LPTMR_HAL_SetPrescalerMode
                0x0000846c       0x1c C:/Freescale/KSDK_1.2.0/lib/ksdk_platform_lib/kds/K64F12/debug/libksdk_platform.a(fsl_lptmr_hal.o)
                0x0000846c                LPTMR_HAL_SetPrescalerMode
 .text.LPTMR_HAL_GetCounterValue
                0x00008488        0xe C:/Freescale/KSDK_1.2.0/lib/ksdk_platform_lib/kds/K64F12/debug/libksdk_platform.a(fsl_lptmr_hal.o)
                0x00008488                LPTMR_HAL_GetCounterValue
 *fill*         0x00008496        0x2 
 .text.INT_SYS_EnableIRQGlobal
                0x00008498       0x14 C:/Freescale/KSDK_1.2.0/lib/ksdk_platform_lib/kds/K64F12/debug/libksdk_platform.a(fsl_interrupt_manager.o)
                0x00008498                INT_SYS_EnableIRQGlobal
 .text.INT_SYS_DisableIRQGlobal
                0x000084ac       0x10 C:/Freescale/KSDK_1.2.0/lib/ksdk_platform_lib/kds/K64F12/debug/libksdk_platform.a(fsl_interrupt_manager.o)
                0x000084ac                INT_SYS_DisableIRQGlobal
 .text.I2C_HAL_Init
                0x000084bc       0x1c C:/Freescale/KSDK_1.2.0/lib/ksdk_platform_lib/kds/K64F12/debug/libksdk_platform.a(fsl_i2c_hal.o)
                0x000084bc                I2C_HAL_Init
 .text.I2C_HAL_SetBaudRate
                0x000084d8       0x78 C:/Freescale/KSDK_1.2.0/lib/ksdk_platform_lib/kds/K64F12/debug/libksdk_platform.a(fsl_i2c_hal.o)
                0x000084d8                I2C_HAL_SetBaudRate
 .text.I2C_HAL_SendStart
                0x00008550       0x1c C:/Freescale/KSDK_1.2.0/lib/ksdk_platform_lib/kds/K64F12/debug/libksdk_platform.a(fsl_i2c_hal.o)
                0x00008550                I2C_HAL_SendStart
 .text.I2C_HAL_SendStop
                0x0000856c       0x50 C:/Freescale/KSDK_1.2.0/lib/ksdk_platform_lib/kds/K64F12/debug/libksdk_platform.a(fsl_i2c_hal.o)
                0x0000856c                I2C_HAL_SendStop
 .text.I2C_HAL_SetIntCmd
                0x000085bc        0xc C:/Freescale/KSDK_1.2.0/lib/ksdk_platform_lib/kds/K64F12/debug/libksdk_platform.a(fsl_i2c_slave_driver.o)
 .text.I2C_DRV_SlaveIRQHandler
                0x000085c8      0x1f0 C:/Freescale/KSDK_1.2.0/lib/ksdk_platform_lib/kds/K64F12/debug/libksdk_platform.a(fsl_i2c_slave_driver.o)
                0x000085c8                I2C_DRV_SlaveIRQHandler
 .text.GPIO_HAL_SetPinDir
                0x000087b8       0x3c C:/Freescale/KSDK_1.2.0/lib/ksdk_platform_lib/kds/K64F12/debug/libksdk_platform.a(fsl_gpio_hal.o)
                0x000087b8                GPIO_HAL_SetPinDir
 .text.__assert_func
                0x000087f4       0x38 c:/freescale/kds_v3/toolchain/bin/../lib/gcc/arm-none-eabi/4.8.4/../../../../arm-none-eabi/lib/armv7e-m/fpu\libg_s.a(lib_a-assert.o)
                0x000087f4                __assert_func
 .text.exit     0x0000882c       0x28 c:/freescale/kds_v3/toolchain/bin/../lib/gcc/arm-none-eabi/4.8.4/../../../../arm-none-eabi/lib/armv7e-m/fpu\libg_s.a(lib_a-exit.o)
                0x0000882c                exit
 .text.fprintf  0x00008854       0x24 c:/freescale/kds_v3/toolchain/bin/../lib/gcc/arm-none-eabi/4.8.4/../../../../arm-none-eabi/lib/armv7e-m/fpu\libg_s.a(lib_a-fprintf.o)
                0x00008854                fiprintf
                0x00008854                fprintf
 .text.__libc_init_array
                0x00008878       0x4c c:/freescale/kds_v3/toolchain/bin/../lib/gcc/arm-none-eabi/4.8.4/../../../../arm-none-eabi/lib/armv7e-m/fpu\libg_s.a(lib_a-init.o)
                0x00008878                __libc_init_array
 .text.memcpy   0x000088c4       0x12 c:/freescale/kds_v3/toolchain/bin/../lib/gcc/arm-none-eabi/4.8.4/../../../../arm-none-eabi/lib/armv7e-m/fpu\libg_s.a(lib_a-memcpy-stub.o)
                0x000088c4                memcpy
 .text.memset   0x000088d6       0x10 c:/freescale/kds_v3/toolchain/bin/../lib/gcc/arm-none-eabi/4.8.4/../../../../arm-none-eabi/lib/armv7e-m/fpu\libg_s.a(lib_a-memset.o)
                0x000088d6                memset
 *fill*         0x000088e6        0x2 
 .text._free_r  0x000088e8       0x88 c:/freescale/kds_v3/toolchain/bin/../lib/gcc/arm-none-eabi/4.8.4/../../../../arm-none-eabi/lib/armv7e-m/fpu\libg_s.a(lib_a-nano-freer.o)
                0x000088e8                _free_r
 .text._malloc_r
                0x00008970       0xa8 c:/freescale/kds_v3/toolchain/bin/../lib/gcc/arm-none-eabi/4.8.4/../../../../arm-none-eabi/lib/armv7e-m/fpu\libg_s.a(lib_a-nano-mallocr.o)
                0x00008970                _malloc_r
 .text.printf   0x00008a18       0x30 c:/freescale/kds_v3/toolchain/bin/../lib/gcc/arm-none-eabi/4.8.4/../../../../arm-none-eabi/lib/armv7e-m/fpu\libg_s.a(lib_a-printf.o)
                0x00008a18                iprintf
                0x00008a18                printf
 .text._puts_r  0x00008a48       0xc0 c:/freescale/kds_v3/toolchain/bin/../lib/gcc/arm-none-eabi/4.8.4/../../../../arm-none-eabi/lib/armv7e-m/fpu\libg_s.a(lib_a-puts.o)
                0x00008a48                _puts_r
 .text.puts     0x00008b08       0x10 c:/freescale/kds_v3/toolchain/bin/../lib/gcc/arm-none-eabi/4.8.4/../../../../arm-none-eabi/lib/armv7e-m/fpu\libg_s.a(lib_a-puts.o)
                0x00008b08                puts
 .text._sbrk_r  0x00008b18       0x20 c:/freescale/kds_v3/toolchain/bin/../lib/gcc/arm-none-eabi/4.8.4/../../../../arm-none-eabi/lib/armv7e-m/fpu\libg_s.a(lib_a-sbrkr.o)
                0x00008b18                _sbrk_r
 .text.strcat   0x00008b38       0x1a c:/freescale/kds_v3/toolchain/bin/../lib/gcc/arm-none-eabi/4.8.4/../../../../arm-none-eabi/lib/armv7e-m/fpu\libg_s.a(lib_a-strcat.o)
                0x00008b38                strcat
 .text.strlen   0x00008b52       0x10 c:/freescale/kds_v3/toolchain/bin/../lib/gcc/arm-none-eabi/4.8.4/../../../../arm-none-eabi/lib/armv7e-m/fpu\libg_s.a(lib_a-strlen.o)
                0x00008b52                strlen
 .text.__sfputc_r
                0x00008b62       0x2c c:/freescale/kds_v3/toolchain/bin/../lib/gcc/arm-none-eabi/4.8.4/../../../../arm-none-eabi/lib/armv7e-m/fpu\libg_s.a(lib_a-vfprintf.o)
 .text.__sfputs_r
                0x00008b8e       0x24 c:/freescale/kds_v3/toolchain/bin/../lib/gcc/arm-none-eabi/4.8.4/../../../../arm-none-eabi/lib/armv7e-m/fpu\libg_s.a(lib_a-vfprintf.o)
                0x00008b8e                __sfputs_r
 *fill*         0x00008bb2        0x2 
 .text._vfprintf_r
                0x00008bb4      0x208 c:/freescale/kds_v3/toolchain/bin/../lib/gcc/arm-none-eabi/4.8.4/../../../../arm-none-eabi/lib/armv7e-m/fpu\libg_s.a(lib_a-vfprintf.o)
                0x00008bb4                _vfprintf_r
                0x00008bb4                _vfiprintf_r
 .text._printf_common
                0x00008dbc       0xe4 c:/freescale/kds_v3/toolchain/bin/../lib/gcc/arm-none-eabi/4.8.4/../../../../arm-none-eabi/lib/armv7e-m/fpu\libg_s.a(lib_a-vfprintf_i.o)
                0x00008dbc                _printf_common
 .text._printf_i
                0x00008ea0      0x228 c:/freescale/kds_v3/toolchain/bin/../lib/gcc/arm-none-eabi/4.8.4/../../../../arm-none-eabi/lib/armv7e-m/fpu\libg_s.a(lib_a-vfprintf_i.o)
                0x00008ea0                _printf_i
 .text.__swbuf_r
                0x000090c8       0xa8 c:/freescale/kds_v3/toolchain/bin/../lib/gcc/arm-none-eabi/4.8.4/../../../../arm-none-eabi/lib/armv7e-m/fpu\libg_s.a(lib_a-wbuf.o)
                0x000090c8                __swbuf_r
 .text.__swsetup_r
                0x00009170       0xdc c:/freescale/kds_v3/toolchain/bin/../lib/gcc/arm-none-eabi/4.8.4/../../../../arm-none-eabi/lib/armv7e-m/fpu\libg_s.a(lib_a-wsetup.o)
                0x00009170                __swsetup_r
 .text.abort    0x0000924c        0xe c:/freescale/kds_v3/toolchain/bin/../lib/gcc/arm-none-eabi/4.8.4/../../../../arm-none-eabi/lib/armv7e-m/fpu\libg_s.a(lib_a-abort.o)
                0x0000924c                abort
 .text.__sflush_r
                0x0000925a      0x106 c:/freescale/kds_v3/toolchain/bin/../lib/gcc/arm-none-eabi/4.8.4/../../../../arm-none-eabi/lib/armv7e-m/fpu\libg_s.a(lib_a-fflush.o)
                0x0000925a                __sflush_r
 .text._fflush_r
                0x00009360       0x54 c:/freescale/kds_v3/toolchain/bin/../lib/gcc/arm-none-eabi/4.8.4/../../../../arm-none-eabi/lib/armv7e-m/fpu\libg_s.a(lib_a-fflush.o)
                0x00009360                _fflush_r
 .text._cleanup_r
                0x000093b4       0x32 c:/freescale/kds_v3/toolchain/bin/../lib/gcc/arm-none-eabi/4.8.4/../../../../arm-none-eabi/lib/armv7e-m/fpu\libg_s.a(lib_a-findfp.o)
                0x000093b4                _cleanup_r
 *fill*         0x000093e6        0x2 
 .text.std.isra.0
                0x000093e8       0x48 c:/freescale/kds_v3/toolchain/bin/../lib/gcc/arm-none-eabi/4.8.4/../../../../arm-none-eabi/lib/armv7e-m/fpu\libg_s.a(lib_a-findfp.o)
 .text.__sfmoreglue
                0x00009430       0x2c c:/freescale/kds_v3/toolchain/bin/../lib/gcc/arm-none-eabi/4.8.4/../../../../arm-none-eabi/lib/armv7e-m/fpu\libg_s.a(lib_a-findfp.o)
                0x00009430                __sfmoreglue
 .text.__sinit  0x0000945c       0x60 c:/freescale/kds_v3/toolchain/bin/../lib/gcc/arm-none-eabi/4.8.4/../../../../arm-none-eabi/lib/armv7e-m/fpu\libg_s.a(lib_a-findfp.o)
                0x0000945c                __sinit
 .text.__sfp    0x000094bc       0x74 c:/freescale/kds_v3/toolchain/bin/../lib/gcc/arm-none-eabi/4.8.4/../../../../arm-none-eabi/lib/armv7e-m/fpu\libg_s.a(lib_a-findfp.o)
                0x000094bc                __sfp
 .text.__smakebuf_r
                0x00009530       0x9c c:/freescale/kds_v3/toolchain/bin/../lib/gcc/arm-none-eabi/4.8.4/../../../../arm-none-eabi/lib/armv7e-m/fpu\libg_s.a(lib_a-makebuf.o)
                0x00009530                __smakebuf_r
 .text.memchr   0x000095cc       0x1e c:/freescale/kds_v3/toolchain/bin/../lib/gcc/arm-none-eabi/4.8.4/../../../../arm-none-eabi/lib/armv7e-m/fpu\libg_s.a(lib_a-memchr-stub.o)
                0x000095cc                memchr
 .text._raise_r
                0x000095ea       0x50 c:/freescale/kds_v3/toolchain/bin/../lib/gcc/arm-none-eabi/4.8.4/../../../../arm-none-eabi/lib/armv7e-m/fpu\libg_s.a(lib_a-signal.o)
                0x000095ea                _raise_r
 *fill*         0x0000963a        0x2 
 .text.raise    0x0000963c       0x10 c:/freescale/kds_v3/toolchain/bin/../lib/gcc/arm-none-eabi/4.8.4/../../../../arm-none-eabi/lib/armv7e-m/fpu\libg_s.a(lib_a-signal.o)
                0x0000963c                raise
 .text._kill_r  0x0000964c       0x24 c:/freescale/kds_v3/toolchain/bin/../lib/gcc/arm-none-eabi/4.8.4/../../../../arm-none-eabi/lib/armv7e-m/fpu\libg_s.a(lib_a-signalr.o)
                0x0000964c                _kill_r
 .text._getpid_r
                0x00009670        0x4 c:/freescale/kds_v3/toolchain/bin/../lib/gcc/arm-none-eabi/4.8.4/../../../../arm-none-eabi/lib/armv7e-m/fpu\libg_s.a(lib_a-signalr.o)
                0x00009670                _getpid_r
 .text.__sread  0x00009674       0x22 c:/freescale/kds_v3/toolchain/bin/../lib/gcc/arm-none-eabi/4.8.4/../../../../arm-none-eabi/lib/armv7e-m/fpu\libg_s.a(lib_a-stdio.o)
                0x00009674                __sread
 .text.__swrite
                0x00009696       0x38 c:/freescale/kds_v3/toolchain/bin/../lib/gcc/arm-none-eabi/4.8.4/../../../../arm-none-eabi/lib/armv7e-m/fpu\libg_s.a(lib_a-stdio.o)
                0x00009696                __swrite
 .text.__sseek  0x000096ce       0x24 c:/freescale/kds_v3/toolchain/bin/../lib/gcc/arm-none-eabi/4.8.4/../../../../arm-none-eabi/lib/armv7e-m/fpu\libg_s.a(lib_a-stdio.o)
                0x000096ce                __sseek
 .text.__sclose
                0x000096f2        0x8 c:/freescale/kds_v3/toolchain/bin/../lib/gcc/arm-none-eabi/4.8.4/../../../../arm-none-eabi/lib/armv7e-m/fpu\libg_s.a(lib_a-stdio.o)
                0x000096f2                __sclose
 *fill*         0x000096fa        0x2 
 .text._write_r
                0x000096fc       0x24 c:/freescale/kds_v3/toolchain/bin/../lib/gcc/arm-none-eabi/4.8.4/../../../../arm-none-eabi/lib/armv7e-m/fpu\libg_s.a(lib_a-writer.o)
                0x000096fc                _write_r
 .text._close_r
                0x00009720       0x20 c:/freescale/kds_v3/toolchain/bin/../lib/gcc/arm-none-eabi/4.8.4/../../../../arm-none-eabi/lib/armv7e-m/fpu\libg_s.a(lib_a-closer.o)
                0x00009720                _close_r
 .text._fstat_r
                0x00009740       0x24 c:/freescale/kds_v3/toolchain/bin/../lib/gcc/arm-none-eabi/4.8.4/../../../../arm-none-eabi/lib/armv7e-m/fpu\libg_s.a(lib_a-fstatr.o)
                0x00009740                _fstat_r
 .text._isatty_r
                0x00009764       0x20 c:/freescale/kds_v3/toolchain/bin/../lib/gcc/arm-none-eabi/4.8.4/../../../../arm-none-eabi/lib/armv7e-m/fpu\libg_s.a(lib_a-isattyr.o)
                0x00009764                _isatty_r
 .text._lseek_r
                0x00009784       0x24 c:/freescale/kds_v3/toolchain/bin/../lib/gcc/arm-none-eabi/4.8.4/../../../../arm-none-eabi/lib/armv7e-m/fpu\libg_s.a(lib_a-lseekr.o)
                0x00009784                _lseek_r
 .text._read_r  0x000097a8       0x24 c:/freescale/kds_v3/toolchain/bin/../lib/gcc/arm-none-eabi/4.8.4/../../../../arm-none-eabi/lib/armv7e-m/fpu\libg_s.a(lib_a-readr.o)
                0x000097a8                _read_r
 .text._close   0x000097cc       0x10 c:/freescale/kds_v3/toolchain/bin/../lib/gcc/arm-none-eabi/4.8.4/../../../../arm-none-eabi/lib/armv7e-m/fpu\libnosys.a(close.o)
                0x000097cc                _close
 .text._fstat   0x000097dc       0x10 c:/freescale/kds_v3/toolchain/bin/../lib/gcc/arm-none-eabi/4.8.4/../../../../arm-none-eabi/lib/armv7e-m/fpu\libnosys.a(fstat.o)
                0x000097dc                _fstat
 .text._getpid  0x000097ec       0x10 c:/freescale/kds_v3/toolchain/bin/../lib/gcc/arm-none-eabi/4.8.4/../../../../arm-none-eabi/lib/armv7e-m/fpu\libnosys.a(getpid.o)
                0x000097ec                _getpid
 .text._isatty  0x000097fc       0x10 c:/freescale/kds_v3/toolchain/bin/../lib/gcc/arm-none-eabi/4.8.4/../../../../arm-none-eabi/lib/armv7e-m/fpu\libnosys.a(isatty.o)
                0x000097fc                _isatty
 .text._kill    0x0000980c       0x10 c:/freescale/kds_v3/toolchain/bin/../lib/gcc/arm-none-eabi/4.8.4/../../../../arm-none-eabi/lib/armv7e-m/fpu\libnosys.a(kill.o)
                0x0000980c                _kill
 .text._lseek   0x0000981c       0x10 c:/freescale/kds_v3/toolchain/bin/../lib/gcc/arm-none-eabi/4.8.4/../../../../arm-none-eabi/lib/armv7e-m/fpu\libnosys.a(lseek.o)
                0x0000981c                _lseek
 .text._sbrk    0x0000982c       0x34 c:/freescale/kds_v3/toolchain/bin/../lib/gcc/arm-none-eabi/4.8.4/../../../../arm-none-eabi/lib/armv7e-m/fpu\libnosys.a(sbrk.o)
                0x0000982c                _sbrk
 .text._exit    0x00009860        0x4 c:/freescale/kds_v3/toolchain/bin/../lib/gcc/arm-none-eabi/4.8.4/../../../../arm-none-eabi/lib/armv7e-m/fpu\libnosys.a(_exit.o)
                0x00009860                _exit
 *(.rodata)
 .rodata        0x00009864       0x10 ./fatfs/ff.o
 .rodata        0x00009874      0x20c ./Sources/main.o
 .rodata        0x00009a80       0x18 ./SDK/platform/utilities/fsl_debug_console.o
 .rodata        0x00009a98       0xac ./SDK/composite/src/sdcard/fsl_sdhc_card.o
 .rodata        0x00009b44       0x50 ./SDK/board/board.o
 .rodata        0x00009b94       0x44 ./SDK/board/pin_mux.o
 *(.rodata*)
 .rodata.__func__.7457
                0x00009bd8       0x18 ./SDK/composite/src/sdcard/fsl_sdhc_card.o
 .rodata.__func__.7465
                0x00009bf0       0x18 ./SDK/composite/src/sdcard/fsl_sdhc_card.o
 .rodata.__func__.7471
                0x00009c08       0x18 ./SDK/composite/src/sdcard/fsl_sdhc_card.o
 .rodata.__func__.7478
                0x00009c20       0x20 ./SDK/composite/src/sdcard/fsl_sdhc_card.o
 .rodata.__func__.7484
                0x00009c40       0x18 ./SDK/composite/src/sdcard/fsl_sdhc_card.o
 .rodata.__func__.7490
                0x00009c58       0x14 ./SDK/composite/src/sdcard/fsl_sdhc_card.o
 .rodata.__func__.7496
                0x00009c6c       0x14 ./SDK/composite/src/sdcard/fsl_sdhc_card.o
 .rodata.__func__.7503
                0x00009c80       0x18 ./SDK/composite/src/sdcard/fsl_sdhc_card.o
 .rodata.__func__.7510
                0x00009c98       0x18 ./SDK/composite/src/sdcard/fsl_sdhc_card.o
 .rodata.__func__.7521
                0x00009cb0       0x14 ./SDK/composite/src/sdcard/fsl_sdhc_card.o
 .rodata.__func__.7527
                0x00009cc4       0x18 ./SDK/composite/src/sdcard/fsl_sdhc_card.o
 .rodata.__func__.7541
                0x00009cdc       0x14 ./SDK/composite/src/sdcard/fsl_sdhc_card.o
 .rodata.__func__.7547
                0x00009cf0       0x1c ./SDK/composite/src/sdcard/fsl_sdhc_card.o
 .rodata.__func__.7555
                0x00009d0c       0x18 ./SDK/composite/src/sdcard/fsl_sdhc_card.o
 .rodata.__func__.7559
                0x00009d24       0x14 ./SDK/composite/src/sdcard/fsl_sdhc_card.o
 .rodata.__func__.7569
                0x00009d38       0x1c ./SDK/composite/src/sdcard/fsl_sdhc_card.o
 .rodata.__func__.7579
                0x00009d54       0x14 ./SDK/composite/src/sdcard/fsl_sdhc_card.o
 .rodata.__func__.7590
                0x00009d68       0x18 ./SDK/composite/src/sdcard/fsl_sdhc_card.o
 .rodata.__func__.7601
                0x00009d80       0x10 ./SDK/composite/src/sdcard/fsl_sdhc_card.o
 .rodata.__func__.7612
                0x00009d90       0x14 ./SDK/composite/src/sdcard/fsl_sdhc_card.o
 .rodata.__func__.7633
                0x00009da4       0x10 ./SDK/composite/src/sdcard/fsl_sdhc_card.o
 .rodata.__func__.7644
                0x00009db4       0x18 ./SDK/composite/src/sdcard/fsl_sdhc_card.o
 .rodata.__func__.7658
                0x00009dcc       0x18 ./SDK/composite/src/sdcard/fsl_sdhc_card.o
 .rodata.g_defaultClockConfigRun
                0x00009de4       0x18 ./SDK/board/board.o
                0x00009de4                g_defaultClockConfigRun
 .rodata.__func__.6253
                0x00009dfc       0x14 ./SDK/board/board.o
 .rodata.sdhcCdPin
                0x00009e10       0x18 ./SDK/board/gpio_pins.o
                0x00009e10                sdhcCdPin
 .rodata.__func__.6221
                0x00009e28       0x14 ./SDK/board/pin_mux.o
 .rodata.__func__.6209
                0x00009e3c       0x1c ./SDK/board/pin_mux.o
 .rodata.__func__.6185
                0x00009e58       0x18 ./SDK/board/pin_mux.o
 .rodata.__func__.6191
                0x00009e70       0x14 ./SDK/board/pin_mux.o
 .rodata.__func__.6203
                0x00009e84       0x20 ./SDK/board/pin_mux.o
 .rodata.__func__.6215
                0x00009ea4       0x20 ./SDK/board/pin_mux.o
 .rodata.__func__.6197
                0x00009ec4       0x1c ./SDK/board/pin_mux.o
 .rodata.__func__.9007
                0x00009ee0       0x18 C:/Freescale/KSDK_1.2.0/lib/ksdk_platform_lib/kds/K64F12/debug/libksdk_platform.a(fsl_sdhc_driver.o)
 .rodata.__func__.9038
                0x00009ef8       0x15 C:/Freescale/KSDK_1.2.0/lib/ksdk_platform_lib/kds/K64F12/debug/libksdk_platform.a(fsl_sdhc_driver.o)
 .rodata.__func__.7102
                0x00009f0d       0x12 C:/Freescale/KSDK_1.2.0/lib/ksdk_platform_lib/kds/K64F12/debug/libksdk_platform.a(fsl_sdhc_driver.o)
 .rodata.__func__.7106
                0x00009f1f       0x13 C:/Freescale/KSDK_1.2.0/lib/ksdk_platform_lib/kds/K64F12/debug/libksdk_platform.a(fsl_sdhc_driver.o)
 .rodata.__func__.9165
                0x00009f32        0xe C:/Freescale/KSDK_1.2.0/lib/ksdk_platform_lib/kds/K64F12/debug/libksdk_platform.a(fsl_sdhc_driver.o)
 .rodata.__func__.8997
                0x00009f40       0x12 C:/Freescale/KSDK_1.2.0/lib/ksdk_platform_lib/kds/K64F12/debug/libksdk_platform.a(fsl_sdhc_driver.o)
 .rodata.__func__.9049
                0x00009f52       0x15 C:/Freescale/KSDK_1.2.0/lib/ksdk_platform_lib/kds/K64F12/debug/libksdk_platform.a(fsl_sdhc_driver.o)
 .rodata.__func__.9182
                0x00009f67       0x1e C:/Freescale/KSDK_1.2.0/lib/ksdk_platform_lib/kds/K64F12/debug/libksdk_platform.a(fsl_sdhc_driver.o)
 .rodata.__func__.9173
                0x00009f85       0x14 C:/Freescale/KSDK_1.2.0/lib/ksdk_platform_lib/kds/K64F12/debug/libksdk_platform.a(fsl_sdhc_driver.o)
 .rodata.str1.1
                0x00009f99      0x1f3 C:/Freescale/KSDK_1.2.0/lib/ksdk_platform_lib/kds/K64F12/debug/libksdk_platform.a(fsl_sdhc_driver.o)
                                0x1fa (size before relaxing)
 .rodata.__func__.9054
                0x0000a18c       0x15 C:/Freescale/KSDK_1.2.0/lib/ksdk_platform_lib/kds/K64F12/debug/libksdk_platform.a(fsl_sdhc_driver.o)
 .rodata.__func__.9121
                0x0000a1a1       0x11 C:/Freescale/KSDK_1.2.0/lib/ksdk_platform_lib/kds/K64F12/debug/libksdk_platform.a(fsl_sdhc_driver.o)
 *fill*         0x0000a1b2        0x2 
 .rodata.g_req_resp_flags
                0x0000a1b4       0x28 C:/Freescale/KSDK_1.2.0/lib/ksdk_platform_lib/kds/K64F12/debug/libksdk_platform.a(fsl_sdhc_driver.o)
 .rodata.__func__.9027
                0x0000a1dc       0x18 C:/Freescale/KSDK_1.2.0/lib/ksdk_platform_lib/kds/K64F12/debug/libksdk_platform.a(fsl_sdhc_driver.o)
 .rodata.__func__.9017
                0x0000a1f4       0x1c C:/Freescale/KSDK_1.2.0/lib/ksdk_platform_lib/kds/K64F12/debug/libksdk_platform.a(fsl_sdhc_driver.o)
 .rodata.__func__.9135
                0x0000a210       0x17 C:/Freescale/KSDK_1.2.0/lib/ksdk_platform_lib/kds/K64F12/debug/libksdk_platform.a(fsl_sdhc_driver.o)
 .rodata.__func__.9086
                0x0000a227       0x19 C:/Freescale/KSDK_1.2.0/lib/ksdk_platform_lib/kds/K64F12/debug/libksdk_platform.a(fsl_sdhc_driver.o)
 .rodata.__func__.9143
                0x0000a240       0x14 C:/Freescale/KSDK_1.2.0/lib/ksdk_platform_lib/kds/K64F12/debug/libksdk_platform.a(fsl_sdhc_driver.o)
 .rodata.__func__.9128
                0x0000a254       0x10 C:/Freescale/KSDK_1.2.0/lib/ksdk_platform_lib/kds/K64F12/debug/libksdk_platform.a(fsl_sdhc_driver.o)
 .rodata.__func__.9139
                0x0000a264       0x15 C:/Freescale/KSDK_1.2.0/lib/ksdk_platform_lib/kds/K64F12/debug/libksdk_platform.a(fsl_sdhc_driver.o)
 .rodata.__func__.8264
                0x0000a279       0x13 C:/Freescale/KSDK_1.2.0/lib/ksdk_platform_lib/kds/K64F12/debug/libksdk_platform.a(fsl_i2c_master_driver.o)
 .rodata.__func__.8386
                0x0000a28c       0x13 C:/Freescale/KSDK_1.2.0/lib/ksdk_platform_lib/kds/K64F12/debug/libksdk_platform.a(fsl_i2c_master_driver.o)
 .rodata.__func__.8276
                0x0000a29f       0x1a C:/Freescale/KSDK_1.2.0/lib/ksdk_platform_lib/kds/K64F12/debug/libksdk_platform.a(fsl_i2c_master_driver.o)
 .rodata.__func__.8221
                0x0000a2b9       0x12 C:/Freescale/KSDK_1.2.0/lib/ksdk_platform_lib/kds/K64F12/debug/libksdk_platform.a(fsl_i2c_master_driver.o)
 .rodata.__func__.8335
                0x0000a2cb       0x19 C:/Freescale/KSDK_1.2.0/lib/ksdk_platform_lib/kds/K64F12/debug/libksdk_platform.a(fsl_i2c_master_driver.o)
 .rodata.str1.1
                0x0000a2e4       0x83 C:/Freescale/KSDK_1.2.0/lib/ksdk_platform_lib/kds/K64F12/debug/libksdk_platform.a(fsl_i2c_master_driver.o)
                                 0xf8 (size before relaxing)
 .rodata.__func__.8399
                0x0000a367       0x16 C:/Freescale/KSDK_1.2.0/lib/ksdk_platform_lib/kds/K64F12/debug/libksdk_platform.a(fsl_i2c_master_driver.o)
 .rodata.__func__.8347
                0x0000a37d       0x13 C:/Freescale/KSDK_1.2.0/lib/ksdk_platform_lib/kds/K64F12/debug/libksdk_platform.a(fsl_i2c_master_driver.o)
 .rodata.__func__.8355
                0x0000a390       0x19 C:/Freescale/KSDK_1.2.0/lib/ksdk_platform_lib/kds/K64F12/debug/libksdk_platform.a(fsl_i2c_master_driver.o)
 .rodata.__func__.8366
                0x0000a3a9       0x14 C:/Freescale/KSDK_1.2.0/lib/ksdk_platform_lib/kds/K64F12/debug/libksdk_platform.a(fsl_i2c_master_driver.o)
 .rodata.g_i2cIrqId
                0x0000a3bd        0x3 C:/Freescale/KSDK_1.2.0/lib/ksdk_platform_lib/kds/K64F12/debug/libksdk_platform.a(fsl_i2c_common.o)
                0x0000a3bd                g_i2cIrqId
 .rodata.g_i2cBase
                0x0000a3c0        0xc C:/Freescale/KSDK_1.2.0/lib/ksdk_platform_lib/kds/K64F12/debug/libksdk_platform.a(fsl_i2c_common.o)
                0x0000a3c0                g_i2cBase
 .rodata.str1.1
                0x0000a3cc       0x4b C:/Freescale/KSDK_1.2.0/lib/ksdk_platform_lib/kds/K64F12/debug/libksdk_platform.a(fsl_i2c_shared_function.o)
                                 0x69 (size before relaxing)
 .rodata.__func__.6242
                0x0000a417       0x13 C:/Freescale/KSDK_1.2.0/lib/ksdk_platform_lib/kds/K64F12/debug/libksdk_platform.a(fsl_i2c_shared_function.o)
 .rodata.__func__.6105
                0x0000a42a       0x14 C:/Freescale/KSDK_1.2.0/lib/ksdk_platform_lib/kds/K64F12/debug/libksdk_platform.a(fsl_gpio_driver.o)
 .rodata.__func__.6237
                0x0000a43e       0x16 C:/Freescale/KSDK_1.2.0/lib/ksdk_platform_lib/kds/K64F12/debug/libksdk_platform.a(fsl_gpio_driver.o)
 .rodata.str1.1
                0x0000a454       0x71 C:/Freescale/KSDK_1.2.0/lib/ksdk_platform_lib/kds/K64F12/debug/libksdk_platform.a(fsl_gpio_driver.o)
                                 0xe6 (size before relaxing)
 .rodata.__func__.7870
                0x0000a4c5       0x12 C:/Freescale/KSDK_1.2.0/lib/ksdk_platform_lib/kds/K64F12/debug/libksdk_platform.a(fsl_gpio_driver.o)
 .rodata.__func__.7832
                0x0000a4d7       0x1a C:/Freescale/KSDK_1.2.0/lib/ksdk_platform_lib/kds/K64F12/debug/libksdk_platform.a(fsl_clock_MK64F12.o)
 .rodata.uartGateTable
                0x0000a4f1        0x6 C:/Freescale/KSDK_1.2.0/lib/ksdk_platform_lib/kds/K64F12/debug/libksdk_platform.a(fsl_clock_MK64F12.o)
 .rodata.__func__.7819
                0x0000a4f7       0x19 C:/Freescale/KSDK_1.2.0/lib/ksdk_platform_lib/kds/K64F12/debug/libksdk_platform.a(fsl_clock_MK64F12.o)
 .rodata.i2cGateTable
                0x0000a510        0x3 C:/Freescale/KSDK_1.2.0/lib/ksdk_platform_lib/kds/K64F12/debug/libksdk_platform.a(fsl_clock_MK64F12.o)
 .rodata.__func__.7754
                0x0000a513       0x1a C:/Freescale/KSDK_1.2.0/lib/ksdk_platform_lib/kds/K64F12/debug/libksdk_platform.a(fsl_clock_MK64F12.o)
 .rodata.str1.1
                0x0000a52d      0x1e9 C:/Freescale/KSDK_1.2.0/lib/ksdk_platform_lib/kds/K64F12/debug/libksdk_platform.a(fsl_clock_MK64F12.o)
 .rodata.portGateTable
                0x0000a716        0x5 C:/Freescale/KSDK_1.2.0/lib/ksdk_platform_lib/kds/K64F12/debug/libksdk_platform.a(fsl_clock_MK64F12.o)
 .rodata.__func__.7599
                0x0000a71b       0x1b C:/Freescale/KSDK_1.2.0/lib/ksdk_platform_lib/kds/K64F12/debug/libksdk_platform.a(fsl_clock_MK64F12.o)
 .rodata.__func__.7985
                0x0000a736       0x12 C:/Freescale/KSDK_1.2.0/lib/ksdk_platform_lib/kds/K64F12/debug/libksdk_platform.a(fsl_clock_manager.o)
 .rodata.__func__.8002
                0x0000a748       0x15 C:/Freescale/KSDK_1.2.0/lib/ksdk_platform_lib/kds/K64F12/debug/libksdk_platform.a(fsl_clock_manager.o)
 .rodata.str1.1
                0x0000a75d       0xaf C:/Freescale/KSDK_1.2.0/lib/ksdk_platform_lib/kds/K64F12/debug/libksdk_platform.a(fsl_clock_manager.o)
 .rodata.g_oscBase
                0x0000a80c        0x4 C:/Freescale/KSDK_1.2.0/lib/ksdk_platform_lib/kds/K64F12/debug/libksdk_platform.a(fsl_clock_manager_common.o)
                0x0000a80c                g_oscBase
 .rodata.__func__.7889
                0x0000a810        0xd C:/Freescale/KSDK_1.2.0/lib/ksdk_platform_lib/kds/K64F12/debug/libksdk_platform.a(fsl_os_abstraction_bm.o)
 .rodata.__func__.7879
                0x0000a81d        0xf C:/Freescale/KSDK_1.2.0/lib/ksdk_platform_lib/kds/K64F12/debug/libksdk_platform.a(fsl_os_abstraction_bm.o)
 .rodata.__func__.7885
                0x0000a82c        0xd C:/Freescale/KSDK_1.2.0/lib/ksdk_platform_lib/kds/K64F12/debug/libksdk_platform.a(fsl_os_abstraction_bm.o)
 .rodata.__func__.7893
                0x0000a839       0x10 C:/Freescale/KSDK_1.2.0/lib/ksdk_platform_lib/kds/K64F12/debug/libksdk_platform.a(fsl_os_abstraction_bm.o)
 .rodata.__func__.7935
                0x0000a849        0xd C:/Freescale/KSDK_1.2.0/lib/ksdk_platform_lib/kds/K64F12/debug/libksdk_platform.a(fsl_os_abstraction_bm.o)
 .rodata.str1.1
                0x0000a856       0x6b C:/Freescale/KSDK_1.2.0/lib/ksdk_platform_lib/kds/K64F12/debug/libksdk_platform.a(fsl_os_abstraction_bm.o)
 .rodata.__func__.6382
                0x0000a8c1       0x15 C:/Freescale/KSDK_1.2.0/lib/ksdk_platform_lib/kds/K64F12/debug/libksdk_platform.a(fsl_sdhc_hal.o)
 .rodata.__func__.6387
                0x0000a8d6       0x12 C:/Freescale/KSDK_1.2.0/lib/ksdk_platform_lib/kds/K64F12/debug/libksdk_platform.a(fsl_sdhc_hal.o)
 .rodata.__func__.6439
                0x0000a8e8       0x15 C:/Freescale/KSDK_1.2.0/lib/ksdk_platform_lib/kds/K64F12/debug/libksdk_platform.a(fsl_sdhc_hal.o)
 .rodata.__func__.6397
                0x0000a8fd        0xf C:/Freescale/KSDK_1.2.0/lib/ksdk_platform_lib/kds/K64F12/debug/libksdk_platform.a(fsl_sdhc_hal.o)
 .rodata.str1.1
                0x0000a90c       0x8f C:/Freescale/KSDK_1.2.0/lib/ksdk_platform_lib/kds/K64F12/debug/libksdk_platform.a(fsl_sdhc_hal.o)
 .rodata.__func__.6493
                0x0000a99b       0x11 C:/Freescale/KSDK_1.2.0/lib/ksdk_platform_lib/kds/K64F12/debug/libksdk_platform.a(fsl_sdhc_hal.o)
 .rodata.__func__.6409
                0x0000a9ac       0x16 C:/Freescale/KSDK_1.2.0/lib/ksdk_platform_lib/kds/K64F12/debug/libksdk_platform.a(fsl_sdhc_hal.o)
 .rodata.__func__.6482
                0x0000a9c2       0x10 C:/Freescale/KSDK_1.2.0/lib/ksdk_platform_lib/kds/K64F12/debug/libksdk_platform.a(fsl_sdhc_hal.o)
 .rodata.__func__.6423
                0x0000a9d2       0x17 C:/Freescale/KSDK_1.2.0/lib/ksdk_platform_lib/kds/K64F12/debug/libksdk_platform.a(fsl_sdhc_hal.o)
 *fill*         0x0000a9e9        0x3 
 .rodata.g_sdhcBase
                0x0000a9ec        0x4 C:/Freescale/KSDK_1.2.0/lib/ksdk_platform_lib/kds/K64F12/debug/libksdk_platform.a(fsl_sdhc_common.o)
                0x0000a9ec                g_sdhcBase
 .rodata.g_sdhcIrqId
                0x0000a9f0        0x1 C:/Freescale/KSDK_1.2.0/lib/ksdk_platform_lib/kds/K64F12/debug/libksdk_platform.a(fsl_sdhc_common.o)
                0x0000a9f0                g_sdhcIrqId
 *fill*         0x0000a9f1        0x3 
 .rodata.g_rtcBase
                0x0000a9f4        0x4 C:/Freescale/KSDK_1.2.0/lib/ksdk_platform_lib/kds/K64F12/debug/libksdk_platform.a(fsl_rtc_common.o)
                0x0000a9f4                g_rtcBase
 .rodata.fllFactorTable.6324
                0x0000a9f8       0x10 C:/Freescale/KSDK_1.2.0/lib/ksdk_platform_lib/kds/K64F12/debug/libksdk_platform.a(fsl_mcg_hal.o)
 .rodata.kI2CDividerTable
                0x0000aa08       0xc8 C:/Freescale/KSDK_1.2.0/lib/ksdk_platform_lib/kds/K64F12/debug/libksdk_platform.a(fsl_i2c_hal.o)
                0x0000aa08                kI2CDividerTable
 .rodata.str1.1
                0x0000aad0       0x55 C:/Freescale/KSDK_1.2.0/lib/ksdk_platform_lib/kds/K64F12/debug/libksdk_platform.a(fsl_i2c_hal.o)
 .rodata.__func__.6261
                0x0000ab25       0x11 C:/Freescale/KSDK_1.2.0/lib/ksdk_platform_lib/kds/K64F12/debug/libksdk_platform.a(fsl_i2c_hal.o)
 .rodata.str1.1
                0x0000ab36       0x4e C:/Freescale/KSDK_1.2.0/lib/ksdk_platform_lib/kds/K64F12/debug/libksdk_platform.a(fsl_i2c_slave_driver.o)
                                 0xef (size before relaxing)
 .rodata.__func__.8325
                0x0000ab84       0x18 C:/Freescale/KSDK_1.2.0/lib/ksdk_platform_lib/kds/K64F12/debug/libksdk_platform.a(fsl_i2c_slave_driver.o)
 .rodata.__func__.6103
                0x0000ab9c       0x13 C:/Freescale/KSDK_1.2.0/lib/ksdk_platform_lib/kds/K64F12/debug/libksdk_platform.a(fsl_gpio_hal.o)
 .rodata.str1.1
                0x0000abaf       0x3d C:/Freescale/KSDK_1.2.0/lib/ksdk_platform_lib/kds/K64F12/debug/libksdk_platform.a(fsl_gpio_hal.o)
                                 0x46 (size before relaxing)
 .rodata.g_gpioBase
                0x0000abec       0x14 C:/Freescale/KSDK_1.2.0/lib/ksdk_platform_lib/kds/K64F12/debug/libksdk_platform.a(fsl_gpio_common.o)
                0x0000abec                g_gpioBase
 .rodata.g_portBase
                0x0000ac00       0x14 C:/Freescale/KSDK_1.2.0/lib/ksdk_platform_lib/kds/K64F12/debug/libksdk_platform.a(fsl_gpio_common.o)
                0x0000ac00                g_portBase
 .rodata.g_portIrqId
                0x0000ac14        0x5 C:/Freescale/KSDK_1.2.0/lib/ksdk_platform_lib/kds/K64F12/debug/libksdk_platform.a(fsl_gpio_common.o)
                0x0000ac14                g_portIrqId
 .rodata.str1.1
                0x0000ac19       0x3c c:/freescale/kds_v3/toolchain/bin/../lib/gcc/arm-none-eabi/4.8.4/../../../../arm-none-eabi/lib/armv7e-m/fpu\libg_s.a(lib_a-assert.o)
                                 0x3d (size before relaxing)
 .rodata.str1.1
                0x0000ac55        0x2 c:/freescale/kds_v3/toolchain/bin/../lib/gcc/arm-none-eabi/4.8.4/../../../../arm-none-eabi/lib/armv7e-m/fpu\libg_s.a(lib_a-impure.o)
 *fill*         0x0000ac57        0x1 
 .rodata._global_impure_ptr
                0x0000ac58        0x4 c:/freescale/kds_v3/toolchain/bin/../lib/gcc/arm-none-eabi/4.8.4/../../../../arm-none-eabi/lib/armv7e-m/fpu\libg_s.a(lib_a-impure.o)
                0x0000ac58                _global_impure_ptr
 .rodata.str1.1
                0x0000ac5c       0x11 c:/freescale/kds_v3/toolchain/bin/../lib/gcc/arm-none-eabi/4.8.4/../../../../arm-none-eabi/lib/armv7e-m/fpu\libg_s.a(lib_a-vfprintf.o)
 .rodata.str1.1
                0x0000ac6d       0x22 c:/freescale/kds_v3/toolchain/bin/../lib/gcc/arm-none-eabi/4.8.4/../../../../arm-none-eabi/lib/armv7e-m/fpu\libg_s.a(lib_a-vfprintf_i.o)
 *fill*         0x0000ac8f        0x1 
 .rodata.__sf_fake_stdin
                0x0000ac90       0x20 c:/freescale/kds_v3/toolchain/bin/../lib/gcc/arm-none-eabi/4.8.4/../../../../arm-none-eabi/lib/armv7e-m/fpu\libg_s.a(lib_a-findfp.o)
                0x0000ac90                __sf_fake_stdin
 .rodata.__sf_fake_stdout
                0x0000acb0       0x20 c:/freescale/kds_v3/toolchain/bin/../lib/gcc/arm-none-eabi/4.8.4/../../../../arm-none-eabi/lib/armv7e-m/fpu\libg_s.a(lib_a-findfp.o)
                0x0000acb0                __sf_fake_stdout
 .rodata.__sf_fake_stderr
                0x0000acd0       0x20 c:/freescale/kds_v3/toolchain/bin/../lib/gcc/arm-none-eabi/4.8.4/../../../../arm-none-eabi/lib/armv7e-m/fpu\libg_s.a(lib_a-findfp.o)
                0x0000acd0                __sf_fake_stderr
 *(.glue_7)
 .glue_7        0x00000000        0x0 linker stubs
 *(.glue_7t)
 .glue_7t       0x00000000        0x0 linker stubs
 *(.eh_frame)
 .eh_frame      0x0000acf0        0x0 c:/freescale/kds_v3/toolchain/bin/../lib/gcc/arm-none-eabi/4.8.4/armv7e-m/fpu/crtbegin.o
 *(.init)
 .init          0x0000acf0        0x4 c:/freescale/kds_v3/toolchain/bin/../lib/gcc/arm-none-eabi/4.8.4/armv7e-m/fpu/crti.o
                0x0000acf0                _init
 .init          0x0000acf4        0x8 c:/freescale/kds_v3/toolchain/bin/../lib/gcc/arm-none-eabi/4.8.4/armv7e-m/fpu/crtn.o
 *(.fini)
 .fini          0x0000acfc        0x4 c:/freescale/kds_v3/toolchain/bin/../lib/gcc/arm-none-eabi/4.8.4/armv7e-m/fpu/crti.o
                0x0000acfc                _fini
 .fini          0x0000ad00        0x8 c:/freescale/kds_v3/toolchain/bin/../lib/gcc/arm-none-eabi/4.8.4/armv7e-m/fpu/crtn.o
                0x0000ad08                . = ALIGN (0x4)

.vfp11_veneer   0x0000ad08        0x0
 .vfp11_veneer  0x00000000        0x0 linker stubs

.v4_bx          0x0000ad08        0x0
 .v4_bx         0x00000000        0x0 linker stubs

.iplt           0x0000ad08        0x0
 .iplt          0x00000000        0x0 c:/freescale/kds_v3/toolchain/bin/../lib/gcc/arm-none-eabi/4.8.4/armv7e-m/fpu/crtbegin.o

.ARM.extab
 *(.ARM.extab* .gnu.linkonce.armextab.*)

.ARM            0x0000ad08        0x8
                0x0000ad08                __exidx_start = .
 *(.ARM.exidx*)
 .ARM.exidx     0x0000ad08        0x8 c:/freescale/kds_v3/toolchain/bin/../lib/gcc/arm-none-eabi/4.8.4/../../../../arm-none-eabi/lib/armv7e-m/fpu/crt0.o
                0x0000ad10                __exidx_end = .

.rel.dyn        0x0000ad10        0x0
 .rel.iplt      0x00000000        0x0 c:/freescale/kds_v3/toolchain/bin/../lib/gcc/arm-none-eabi/4.8.4/armv7e-m/fpu/crtbegin.o

.ctors          0x0000ad10        0x0
                0x0000ad10                __CTOR_LIST__ = .
 *crtbegin.o(.ctors)
 *crtbegin?.o(.ctors)
 *(EXCLUDE_FILE(*crtend.o *crtend?.o) .ctors)
 *(SORT(.ctors.*))
 *(.ctors)
                0x0000ad10                __CTOR_END__ = .

.dtors          0x0000ad10        0x0
                0x0000ad10                __DTOR_LIST__ = .
 *crtbegin.o(.dtors)
 *crtbegin?.o(.dtors)
 *(EXCLUDE_FILE(*crtend.o *crtend?.o) .dtors)
 *(SORT(.dtors.*))
 *(.dtors)
                0x0000ad10                __DTOR_END__ = .

.preinit_array  0x0000ad10        0x0
                0x0000ad10                PROVIDE (__preinit_array_start, .)
 *(.preinit_array*)
                0x0000ad10                PROVIDE (__preinit_array_end, .)

.init_array     0x0000ad10        0x4
                0x0000ad10                PROVIDE (__init_array_start, .)
 *(SORT(.init_array.*))
 *(.init_array*)
 .init_array    0x0000ad10        0x4 c:/freescale/kds_v3/toolchain/bin/../lib/gcc/arm-none-eabi/4.8.4/armv7e-m/fpu/crtbegin.o
                0x0000ad14                PROVIDE (__init_array_end, .)

.fini_array     0x0000ad14        0x4
                0x0000ad14                PROVIDE (__fini_array_start, .)
 *(SORT(.fini_array.*))
 *(.fini_array*)
 .fini_array    0x0000ad14        0x4 c:/freescale/kds_v3/toolchain/bin/../lib/gcc/arm-none-eabi/4.8.4/armv7e-m/fpu/crtbegin.o
                0x0000ad18                PROVIDE (__fini_array_end, .)
                0x0000ad18                __etext = .
                0x0000ad18                __DATA_ROM = .

.interrupts_ram
                0x1fff0000        0x0
                0x1fff0000                . = ALIGN (0x4)
                0x1fff0000                __VECTOR_RAM__ = .
                0x1fff0000                __interrupts_ram_start__ = .
 *(.m_interrupts_ram)
                0x1fff0000                . = (. + M_VECTOR_RAM_SIZE)
                0x1fff0000                . = ALIGN (0x4)
                0x1fff0000                __interrupts_ram_end__ = .
                0x00000000                __VECTOR_RAM = DEFINED (__ram_vector_table__)?__VECTOR_RAM__:ORIGIN (m_interrupts)
                0x00000000                __RAM_VECTOR_TABLE_SIZE_BYTES = DEFINED (__ram_vector_table__)?(__interrupts_ram_end__ - __interrupts_ram_start__):0x0

.data           0x1fff0000       0x98 load address 0x0000ad18
                0x1fff0000                . = ALIGN (0x4)
                0x1fff0000                __DATA_RAM = .
                0x1fff0000                __data_start__ = .
 *(.data)
 *(.data*)
 .data.switchPins
                0x1fff0000       0x24 ./SDK/board/gpio_pins.o
                0x1fff0000                switchPins
 .data.SystemCoreClock
                0x1fff0024        0x4 ./Project_Settings/Startup_Code/system_MK64F12.o
                0x1fff0024                SystemCoreClock
 .data.g_slowInternalRefClkFreq
                0x1fff0028        0x4 C:/Freescale/KSDK_1.2.0/lib/ksdk_platform_lib/kds/K64F12/debug/libksdk_platform.a(fsl_mcg_hal.o)
                0x1fff0028                g_slowInternalRefClkFreq
 .data.g_fastInternalRefClkFreq
                0x1fff002c        0x4 C:/Freescale/KSDK_1.2.0/lib/ksdk_platform_lib/kds/K64F12/debug/libksdk_platform.a(fsl_mcg_hal.o)
                0x1fff002c                g_fastInternalRefClkFreq
 .data.impure_data
                0x1fff0030       0x60 c:/freescale/kds_v3/toolchain/bin/../lib/gcc/arm-none-eabi/4.8.4/../../../../arm-none-eabi/lib/armv7e-m/fpu\libg_s.a(lib_a-impure.o)
 .data._impure_ptr
                0x1fff0090        0x4 c:/freescale/kds_v3/toolchain/bin/../lib/gcc/arm-none-eabi/4.8.4/../../../../arm-none-eabi/lib/armv7e-m/fpu\libg_s.a(lib_a-impure.o)
                0x1fff0090                _impure_ptr
 *(.jcr*)
 .jcr           0x1fff0094        0x0 c:/freescale/kds_v3/toolchain/bin/../lib/gcc/arm-none-eabi/4.8.4/armv7e-m/fpu/crtbegin.o
 .jcr           0x1fff0094        0x4 c:/freescale/kds_v3/toolchain/bin/../lib/gcc/arm-none-eabi/4.8.4/armv7e-m/fpu/crtend.o
                0x1fff0098                . = ALIGN (0x4)
                0x1fff0098                __data_end__ = .
                0x0000adb0                __DATA_END = (__DATA_ROM + (__data_end__ - __data_start__))

.igot.plt       0x1fff0098        0x0 load address 0x0000adb0
 .igot.plt      0x00000000        0x0 c:/freescale/kds_v3/toolchain/bin/../lib/gcc/arm-none-eabi/4.8.4/armv7e-m/fpu/crtbegin.o

.bss            0x1fff0098      0x610 load address 0x0000adb0
                0x1fff0098                . = ALIGN (0x4)
                0x1fff0098                __START_BSS = .
                0x1fff0098                __bss_start__ = .
 *(.bss)
 .bss           0x1fff0098       0x1c c:/freescale/kds_v3/toolchain/bin/../lib/gcc/arm-none-eabi/4.8.4/armv7e-m/fpu/crtbegin.o
 *(.bss*)
 .bss.g_sdhcCard
                0x1fff00b4       0x88 ./fatfs/fsl_sd_disk/src/fsl_sd_disk.o
 .bss.g_sdhcHost
                0x1fff013c       0x48 ./fatfs/fsl_sd_disk/src/fsl_sd_disk.o
 .bss.FatFs     0x1fff0184        0x8 ./fatfs/ff.o
 .bss.Fsid      0x1fff018c        0x2 ./fatfs/ff.o
 .bss.CurrVol   0x1fff018e        0x1 ./fatfs/ff.o
 *fill*         0x1fff018f        0x1 
 .bss.entry_start_clust
                0x1fff0190        0x4 ./fatfs/ff.o
                0x1fff0190                entry_start_clust
 .bss.entry_start_free_index
                0x1fff0194        0x2 ./fatfs/ff.o
                0x1fff0194                entry_start_free_index
 *fill*         0x1fff0196        0x2 
 .bss.i2c_state
                0x1fff0198        0x4 ./Sources/fsl_fxos8700_driver.o
 .bss.s_debugConsole
                0x1fff019c       0x10 ./SDK/platform/utilities/fsl_debug_console.o
 .bss.g_AdmaTableAddress
                0x1fff01ac       0x20 C:/Freescale/KSDK_1.2.0/lib/ksdk_platform_lib/kds/K64F12/debug/libksdk_platform.a(fsl_sdhc_driver.o)
 .bss.g_hosts   0x1fff01cc        0x4 C:/Freescale/KSDK_1.2.0/lib/ksdk_platform_lib/kds/K64F12/debug/libksdk_platform.a(fsl_sdhc_driver.o)
 .bss.g_i2cStatePtr
                0x1fff01d0        0xc C:/Freescale/KSDK_1.2.0/lib/ksdk_platform_lib/kds/K64F12/debug/libksdk_platform.a(fsl_i2c_common.o)
                0x1fff01d0                g_i2cStatePtr
 .bss.g_sdhcClkInFreq
                0x1fff01dc        0x4 C:/Freescale/KSDK_1.2.0/lib/ksdk_platform_lib/kds/K64F12/debug/libksdk_platform.a(fsl_clock_MK64F12.o)
                0x1fff01dc                g_sdhcClkInFreq
 .bss.g_freeTaskControlBlock
                0x1fff01e0        0x4 C:/Freescale/KSDK_1.2.0/lib/ksdk_platform_lib/kds/K64F12/debug/libksdk_platform.a(fsl_os_abstraction_bm.o)
 .bss.g_taskListHead
                0x1fff01e4       0x10 C:/Freescale/KSDK_1.2.0/lib/ksdk_platform_lib/kds/K64F12/debug/libksdk_platform.a(fsl_os_abstraction_bm.o)
 .bss.g_taskControlBlockPool
                0x1fff01f4       0x50 C:/Freescale/KSDK_1.2.0/lib/ksdk_platform_lib/kds/K64F12/debug/libksdk_platform.a(fsl_os_abstraction_bm.o)
 .bss.g_xtal0ClkFreq
                0x1fff0244        0x4 C:/Freescale/KSDK_1.2.0/lib/ksdk_platform_lib/kds/K64F12/debug/libksdk_platform.a(fsl_mcg_hal.o)
                0x1fff0244                g_xtal0ClkFreq
 .bss.g_xtalRtcClkFreq
                0x1fff0248        0x4 C:/Freescale/KSDK_1.2.0/lib/ksdk_platform_lib/kds/K64F12/debug/libksdk_platform.a(fsl_mcg_hal.o)
                0x1fff0248                g_xtalRtcClkFreq
 .bss.g_interruptDisableCount
                0x1fff024c        0x4 C:/Freescale/KSDK_1.2.0/lib/ksdk_platform_lib/kds/K64F12/debug/libksdk_platform.a(fsl_interrupt_manager.o)
                0x1fff024c                g_interruptDisableCount
 .bss.__malloc_sbrk_start
                0x1fff0250        0x4 c:/freescale/kds_v3/toolchain/bin/../lib/gcc/arm-none-eabi/4.8.4/../../../../arm-none-eabi/lib/armv7e-m/fpu\libg_s.a(lib_a-nano-mallocr.o)
                0x1fff0250                __malloc_sbrk_start
 .bss.__malloc_free_list
                0x1fff0254        0x4 c:/freescale/kds_v3/toolchain/bin/../lib/gcc/arm-none-eabi/4.8.4/../../../../arm-none-eabi/lib/armv7e-m/fpu\libg_s.a(lib_a-nano-mallocr.o)
                0x1fff0254                __malloc_free_list
 .bss.heap_end.4246
                0x1fff0258        0x4 c:/freescale/kds_v3/toolchain/bin/../lib/gcc/arm-none-eabi/4.8.4/../../../../arm-none-eabi/lib/armv7e-m/fpu\libnosys.a(sbrk.o)
 *(COMMON)
 COMMON         0x1fff025c      0x448 ./Sources/main.o
                0x1fff025c                FatFs
 COMMON         0x1fff06a4        0x4 c:/freescale/kds_v3/toolchain/bin/../lib/gcc/arm-none-eabi/4.8.4/../../../../arm-none-eabi/lib/armv7e-m/fpu\libg_s.a(lib_a-reent.o)
                0x1fff06a4                errno
                0x1fff06a8                . = ALIGN (0x4)
                0x1fff06a8                __bss_end__ = .
                0x1fff06a8                __END_BSS = .

.heap           0x20000000      0x400
                0x20000000                . = ALIGN (0x8)
                0x20000000                __end__ = .
                0x20000000                PROVIDE (end, .)
                0x20000000                __HeapBase = .
                0x20000400                . = (. + HEAP_SIZE)
 *fill*         0x20000000      0x400 
                0x20000400                __HeapLimit = .

.stack          0x20000400      0x400
                0x20000400                . = ALIGN (0x8)
                0x20000800                . = (. + STACK_SIZE)
 *fill*         0x20000400      0x400 
                0x20030000                __StackTop = (ORIGIN (m_data_2) + 0x30000)
                0x2002fc00                __StackLimit = (__StackTop - STACK_SIZE)
                0x20030000                PROVIDE (__stack, __StackTop)

.ARM.attributes
                0x00000000       0x30
 *(.ARM.attributes)
 .ARM.attributes
                0x00000000       0x22 c:/freescale/kds_v3/toolchain/bin/../lib/gcc/arm-none-eabi/4.8.4/armv7e-m/fpu/crti.o
 .ARM.attributes
                0x00000022       0x34 c:/freescale/kds_v3/toolchain/bin/../lib/gcc/arm-none-eabi/4.8.4/armv7e-m/fpu/crtbegin.o
 .ARM.attributes
                0x00000056       0x20 c:/freescale/kds_v3/toolchain/bin/../lib/gcc/arm-none-eabi/4.8.4/../../../../arm-none-eabi/lib/armv7e-m/fpu/crt0.o
 .ARM.attributes
                0x00000076       0x39 ./fatfs/fsl_sd_disk/src/fsl_sd_disk.o
 .ARM.attributes
                0x000000af       0x39 ./fatfs/diskio.o
 .ARM.attributes
                0x000000e8       0x39 ./fatfs/ff.o
 .ARM.attributes
                0x00000121       0x39 ./Sources/fsl_fxos8700_driver.o
 .ARM.attributes
                0x0000015a       0x39 ./Sources/fsl_i2c_irq.o
 .ARM.attributes
                0x00000193       0x39 ./Sources/fsl_sdhc_irq.o
 .ARM.attributes
                0x000001cc       0x39 ./Sources/main.o
 .ARM.attributes
                0x00000205       0x39 ./SDK/platform/utilities/fsl_debug_console.o
 .ARM.attributes
                0x0000023e       0x39 ./SDK/composite/src/sdcard/fsl_sdhc_card.o
 .ARM.attributes
                0x00000277       0x39 ./SDK/board/board.o
 .ARM.attributes
                0x000002b0       0x39 ./SDK/board/gpio_pins.o
 .ARM.attributes
                0x000002e9       0x39 ./SDK/board/hardware_init.o
 .ARM.attributes
                0x00000322       0x39 ./SDK/board/pin_mux.o
 .ARM.attributes
                0x0000035b       0x39 ./Project_Settings/Startup_Code/startup.o
 .ARM.attributes
                0x00000394       0x1f ./Project_Settings/Startup_Code/startup_MK64F12.o
 .ARM.attributes
                0x000003b3       0x39 ./Project_Settings/Startup_Code/system_MK64F12.o
 .ARM.attributes
                0x000003ec       0x39 C:/Freescale/KSDK_1.2.0/lib/ksdk_platform_lib/kds/K64F12/debug/libksdk_platform.a(fsl_uart_hal.o)
 .ARM.attributes
                0x00000425       0x39 C:/Freescale/KSDK_1.2.0/lib/ksdk_platform_lib/kds/K64F12/debug/libksdk_platform.a(fsl_sdhc_driver.o)
 .ARM.attributes
                0x0000045e       0x39 C:/Freescale/KSDK_1.2.0/lib/ksdk_platform_lib/kds/K64F12/debug/libksdk_platform.a(fsl_i2c_master_driver.o)
 .ARM.attributes
                0x00000497       0x39 C:/Freescale/KSDK_1.2.0/lib/ksdk_platform_lib/kds/K64F12/debug/libksdk_platform.a(fsl_i2c_common.o)
 .ARM.attributes
                0x000004d0       0x39 C:/Freescale/KSDK_1.2.0/lib/ksdk_platform_lib/kds/K64F12/debug/libksdk_platform.a(fsl_i2c_shared_function.o)
 .ARM.attributes
                0x00000509       0x39 C:/Freescale/KSDK_1.2.0/lib/ksdk_platform_lib/kds/K64F12/debug/libksdk_platform.a(fsl_gpio_driver.o)
 .ARM.attributes
                0x00000542       0x39 C:/Freescale/KSDK_1.2.0/lib/ksdk_platform_lib/kds/K64F12/debug/libksdk_platform.a(fsl_clock_MK64F12.o)
 .ARM.attributes
                0x0000057b       0x39 C:/Freescale/KSDK_1.2.0/lib/ksdk_platform_lib/kds/K64F12/debug/libksdk_platform.a(fsl_clock_manager.o)
 .ARM.attributes
                0x000005b4       0x39 C:/Freescale/KSDK_1.2.0/lib/ksdk_platform_lib/kds/K64F12/debug/libksdk_platform.a(fsl_clock_manager_common.o)
 .ARM.attributes
                0x000005ed       0x39 C:/Freescale/KSDK_1.2.0/lib/ksdk_platform_lib/kds/K64F12/debug/libksdk_platform.a(fsl_os_abstraction_bm.o)
 .ARM.attributes
                0x00000626       0x39 C:/Freescale/KSDK_1.2.0/lib/ksdk_platform_lib/kds/K64F12/debug/libksdk_platform.a(fsl_sim_hal_MK64F12.o)
 .ARM.attributes
                0x0000065f       0x39 C:/Freescale/KSDK_1.2.0/lib/ksdk_platform_lib/kds/K64F12/debug/libksdk_platform.a(fsl_sdhc_hal.o)
 .ARM.attributes
                0x00000698       0x39 C:/Freescale/KSDK_1.2.0/lib/ksdk_platform_lib/kds/K64F12/debug/libksdk_platform.a(fsl_sdhc_common.o)
 .ARM.attributes
                0x000006d1       0x39 C:/Freescale/KSDK_1.2.0/lib/ksdk_platform_lib/kds/K64F12/debug/libksdk_platform.a(fsl_rtc_common.o)
 .ARM.attributes
                0x0000070a       0x39 C:/Freescale/KSDK_1.2.0/lib/ksdk_platform_lib/kds/K64F12/debug/libksdk_platform.a(fsl_osc_hal.o)
 .ARM.attributes
                0x00000743       0x39 C:/Freescale/KSDK_1.2.0/lib/ksdk_platform_lib/kds/K64F12/debug/libksdk_platform.a(fsl_mcg_hal.o)
 .ARM.attributes
                0x0000077c       0x39 C:/Freescale/KSDK_1.2.0/lib/ksdk_platform_lib/kds/K64F12/debug/libksdk_platform.a(fsl_mcg_hal_modes.o)
 .ARM.attributes